../Core/Src/main.c:78:5:main	8	static
../Core/Src/main.c:142:6:SystemClock_Config	88	static
../Core/Src/main.c:189:13:MX_SPI3_Init	8	static
../Core/Src/main.c:227:13:MX_USART2_UART_Init	8	static
../Core/Src/main.c:260:13:MX_GPIO_Init	48	static
../Core/Src/main.c:300:6:SPITxRx_Setup	8	static
../Core/Src/main.c:308:6:SPITxRx_readIO	8	static
../Core/Src/main.c:323:6:SPITxRx_writeIO	32	static
../Core/Src/main.c:351:6:HAL_SPI_TxCpltCallback	16	static
../Core/Src/main.c:354:6:HAL_SPI_TxRxCpltCallback	16	static
../Core/Src/main.c:363:6:Error_Handler	4	static,ignoring_inline_asm
