../Drivers/CMSIS/Include/core_cm4.h:2064:26:ITM_SendChar	16	static,ignoring_inline_asm
../Core/Src/main.c:86:5:main	8	static
../Core/Src/main.c:143:6:SystemClock_Config	88	static
../Core/Src/main.c:190:13:MX_TIM3_Init	56	static
../Core/Src/main.c:239:13:MX_TIM5_Init	32	static
../Core/Src/main.c:284:13:MX_USART2_UART_Init	8	static
../Core/Src/main.c:317:13:MX_GPIO_Init	48	static
../Core/Src/main.c:346:5:_write	32	static
../Core/Src/main.c:356:6:HAL_TIM_PeriodElapsedCallback	24	static
../Core/Src/main.c:364:10:micros	12	static
../Core/Src/main.c:369:6:QEIEncoderPositionVelocity_Update	32	static
../Core/Src/main.c:397:6:Error_Handler	4	static,ignoring_inline_asm
