../Core/Src/main.c:80:5:main	48	static
../Core/Src/main.c:130:6:SystemClock_Config	88	static
../Core/Src/main.c:177:13:MX_USART1_UART_Init	8	static
../Core/Src/main.c:210:13:MX_USART2_UART_Init	8	static
../Core/Src/main.c:241:13:MX_DMA_Init	16	static
../Core/Src/main.c:262:13:MX_GPIO_Init	48	static
../Core/Src/main.c:291:6:HAL_UART_RxCpltCallback	16	static
../Core/Src/main.c:371:6:UARTDMAConfig	8	static
../Core/Src/main.c:376:6:DummyTask	8	static
../Core/Src/main.c:407:6:Error_Handler	4	static,ignoring_inline_asm
