02:52:02 **** Incremental Build of configuration Debug for project F411CEU6_EncoderRead ****
make -j16 all 
arm-none-eabi-gcc "../Core/Src/main.c" -mcpu=cortex-m4 -std=gnu11 -g3 -DDEBUG -DUSE_HAL_DRIVER -DSTM32F411xE -c -I../Core/Inc -I../Drivers/STM32F4xx_HAL_Driver/Inc -I../Drivers/STM32F4xx_HAL_Driver/Inc/Legacy -I../Drivers/CMSIS/Device/ST/STM32F4xx/Include -I../Drivers/CMSIS/Include -O0 -ffunction-sections -fdata-sections -Wall -fstack-usage -MMD -MP -MF"Core/Src/main.d" -MT"Core/Src/main.o" --specs=nano.specs -mfpu=fpv4-sp-d16 -mfloat-abi=hard -mthumb -o "Core/Src/main.o"
arm-none-eabi-gcc -o "F411CEU6_EncoderRead.elf" @"objects.list"   -mcpu=cortex-m4 -T"C:\FRA222_MICROCONTROLLER\stm32_F411CEU6_vact\F411CEU6_EncoderRead\STM32F411CEUX_FLASH.ld" --specs=nosys.specs -Wl,-Map="F411CEU6_EncoderRead.map" -Wl,--gc-sections -static --specs=nano.specs -mfpu=fpv4-sp-d16 -mfloat-abi=hard -mthumb -Wl,--start-group -lc -lm -Wl,--end-group
Finished building target: F411CEU6_EncoderRead.elf
 
arm-none-eabi-size   F411CEU6_EncoderRead.elf 
arm-none-eabi-objdump -h -S  F411CEU6_EncoderRead.elf  > "F411CEU6_EncoderRead.list"
   text	   data	    bss	    dec	    hex	filename
   5920	     20	   1592	   7532	   1d6c	F411CEU6_EncoderRead.elf
Finished building: default.size.stdout
 
Finished building: F411CEU6_EncoderRead.list
 

02:52:03 Build Finished. 0 errors, 0 warnings. (took 931ms)

