../Core/Src/main.c:72:5:main	24	static
../Core/Src/main.c:122:6:SystemClock_Config	88	static
../Core/Src/main.c:169:13:MX_USART2_UART_Init	8	static
../Core/Src/main.c:200:13:MX_DMA_Init	16	static
../Core/Src/main.c:221:13:MX_GPIO_Init	48	static
../Core/Src/main.c:250:6:UARTPollingMethod	16	static
../Core/Src/main.c:277:6:DummyTask	8	static
../Core/Src/main.c:286:6:UARTInterruptConfig	8	static
../Core/Src/main.c:291:6:HAL_UART_RxCpltCallback	16	static
../Core/Src/main.c:305:6:UARTDMAConfig	8	static
../Core/Src/main.c:315:6:Error_Handler	4	static,ignoring_inline_asm
