../Core/Src/main.c:85:5:main	8	static
../Core/Src/main.c:139:6:SystemClock_Config	88	static
../Core/Src/main.c:186:13:MX_TIM1_Init	96	static
../Core/Src/main.c:265:13:MX_TIM2_Init	56	static
../Core/Src/main.c:314:13:MX_TIM3_Init	32	static
../Core/Src/main.c:359:13:MX_USART2_UART_Init	8	static
../Core/Src/main.c:392:13:MX_GPIO_Init	48	static
../Core/Src/main.c:421:6:Unwrap	16	static
../Core/Src/main.c:440:6:setMotor	16	static
../Core/Src/main.c:451:6:Controller	8	static
../Core/Src/main.c:470:6:HAL_TIM_PeriodElapsedCallback	16	static
../Core/Src/main.c:482:6:Error_Handler	4	static,ignoring_inline_asm
