../Core/Src/main.c:108:5:main	8	static
../Core/Src/main.c:160:6:SystemClock_Config	88	static
../Core/Src/main.c:207:13:MX_TIM1_Init	96	static
../Core/Src/main.c:286:13:MX_TIM2_Init	56	static
../Core/Src/main.c:335:13:MX_TIM3_Init	32	static
../Core/Src/main.c:380:13:MX_USART2_UART_Init	8	static
../Core/Src/main.c:413:13:MX_GPIO_Init	48	static
../Core/Src/main.c:459:6:Encoder	8	static
../Core/Src/main.c:464:6:setMotor	16	static
../Core/Src/main.c:475:6:Controller	16	static
../Core/Src/main.c:496:6:HAL_TIM_PeriodElapsedCallback	16	static
../Core/Src/main.c:502:6:Trajectory_Generator	72	static
../Core/Src/main.c:605:6:Trajectory_Evaluated	184	static
../Core/Src/main.c:679:6:Trajectory_Algolithms	16	static
../Core/Src/main.c:706:6:Error_Handler	4	static,ignoring_inline_asm
