16:20:35 **** Incremental Build of configuration Debug for project competencyII ****
make -j16 all 
arm-none-eabi-gcc "../Core/Src/main.c" -mcpu=cortex-m4 -std=gnu11 -g3 -DDEBUG -DUSE_HAL_DRIVER -DSTM32F411xE -c -I../Core/Inc -I../Drivers/STM32F4xx_HAL_Driver/Inc -I../Drivers/STM32F4xx_HAL_Driver/Inc/Legacy -I../Drivers/CMSIS/Device/ST/STM32F4xx/Include -I../Drivers/CMSIS/Include -I../Middlewares/Third_Party/ARM_CMSIS/CMSIS/Core/Include/ -I../Middlewares/Third_Party/ARM_CMSIS/CMSIS/Core_A/Include/ -I../Middlewares/Third_Party/ARM_CMSIS/CMSIS/DSP/Include -O0 -ffunction-sections -fdata-sections -Wall -fstack-usage -MMD -MP -MF"Core/Src/main.d" -MT"Core/Src/main.o" --specs=nano.specs -mfpu=fpv4-sp-d16 -mfloat-abi=hard -mthumb -o "Core/Src/main.o"
arm-none-eabi-gcc -o "competencyII.elf" @"objects.list"  -l:libarm_cortexM4lf_math.a -mcpu=cortex-m4 -T"C:\FRA222_MICROCONTROLLER\competencyII\STM32F411RETX_FLASH.ld" --specs=nosys.specs -Wl,-Map="competencyII.map" -Wl,--gc-sections -static -L../Middlewares/Third_Party/ARM_CMSIS/CMSIS/DSP/Lib/GCC --specs=nano.specs -mfpu=fpv4-sp-d16 -mfloat-abi=hard -mthumb -Wl,--start-group -lc -lm -Wl,--end-group
Finished building target: competencyII.elf
 
arm-none-eabi-size   competencyII.elf 
arm-none-eabi-objdump -h -S  competencyII.elf  > "competencyII.list"
   text	   data	    bss	    dec	    hex	filename
  19364	     20	   2048	  21432	   53b8	competencyII.elf
Finished building: default.size.stdout
 
Finished building: competencyII.list
 

16:20:36 Build Finished. 0 errors, 0 warnings. (took 1s.0ms)

