03:51:03 **** Incremental Build of configuration Debug for project KalmanFilter ****
make -j16 all 
arm-none-eabi-gcc "../Core/Src/main.c" -mcpu=cortex-m4 -std=gnu11 -g3 -DDEBUG -DARM_MATH_MATRIX_CHECK -DUSE_HAL_DRIVER -DSTM32F411xE -c -I../Core/Inc -I../Drivers/STM32F4xx_HAL_Driver/Inc -I../Drivers/STM32F4xx_HAL_Driver/Inc/Legacy -I../Drivers/CMSIS/Device/ST/STM32F4xx/Include -I../Drivers/CMSIS/Include -I../Middlewares/Third_Party/ARM_CMSIS/CMSIS/DSP/Include -I../Middlewares/Third_Party/ARM_CMSIS/CMSIS/Core/Include/ -I../Middlewares/Third_Party/ARM_CMSIS/CMSIS/Core_A/Include/ -O0 -ffunction-sections -fdata-sections -Wall -fstack-usage -MMD -MP -MF"Core/Src/main.d" -MT"Core/Src/main.o" --specs=nano.specs -mfpu=fpv4-sp-d16 -mfloat-abi=hard -mthumb -o "Core/Src/main.o"
../Core/Src/main.c: In function 'main':
../Core/Src/main.c:119:3: warning: implicit declaration of function 'Kalman_Start' [-Wimplicit-function-declaration]
  119 |   Kalman_Start();
      |   ^~~~~~~~~~~~
In file included from ../Core/Inc/stm32f4xx_hal_conf.h:402,
                 from ../Drivers/STM32F4xx_HAL_Driver/Inc/stm32f4xx_hal.h:29,
                 from ../Core/Inc/main.h:30,
                 from ../Core/Src/main.c:20:
../Core/Src/main.c: In function 'setMotor':
../Core/Src/main.c:435:46: warning: implicit declaration of function 'abs' [-Wimplicit-function-declaration]
  435 |   __HAL_TIM_SET_COMPARE(&htim1,TIM_CHANNEL_1,abs(PWM));
      |                                              ^~~
../Drivers/STM32F4xx_HAL_Driver/Inc/stm32f4xx_hal_tim.h:1396:72: note: in definition of macro '__HAL_TIM_SET_COMPARE'
 1396 |   (((__CHANNEL__) == TIM_CHANNEL_1) ? ((__HANDLE__)->Instance->CCR1 = (__COMPARE__)) :\
      |                                                                        ^~~~~~~~~~~
arm-none-eabi-gcc -o "KalmanFilter.elf" @"objects.list"  -l:libarm_cortexM4lf_math.a -mcpu=cortex-m4 -T"C:\FRA222_MICROCONTROLLER\KalmanFilter\STM32F411RETX_FLASH.ld" --specs=nosys.specs -Wl,-Map="KalmanFilter.map" -Wl,--gc-sections -static -L../Middlewares/Third_Party/ARM_CMSIS/CMSIS/DSP/Lib/GCC --specs=nano.specs -mfpu=fpv4-sp-d16 -mfloat-abi=hard -mthumb -u _printf_float -u _scanf_float -Wl,--start-group -lc -lm -Wl,--end-group
Finished building target: KalmanFilter.elf
 
arm-none-eabi-size   KalmanFilter.elf 
arm-none-eabi-objdump -h -S  KalmanFilter.elf  > "KalmanFilter.list"
   text	   data	    bss	    dec	    hex	filename
  40668	    764	   2520	  43952	   abb0	KalmanFilter.elf
Finished building: default.size.stdout
 
Finished building: KalmanFilter.list
 
03:51:05 **** Incremental Build of configuration Debug for project KalmanFilter ****
make -j16 all 
arm-none-eabi-size   KalmanFilter.elf 
   text	   data	    bss	    dec	    hex	filename
  40668	    764	   2520	  43952	   abb0	KalmanFilter.elf
Finished building: default.size.stdout
 
03:51:23 **** Incremental Build of configuration Debug for project KalmanFilter ****
make -j16 all 
arm-none-eabi-size   KalmanFilter.elf 
   text	   data	    bss	    dec	    hex	filename
  40668	    764	   2520	  43952	   abb0	KalmanFilter.elf
Finished building: default.size.stdout
 
03:54:45 **** Incremental Build of configuration Debug for project KalmanFilter ****
make -j16 all 
arm-none-eabi-gcc "../Core/Src/main.c" -mcpu=cortex-m4 -std=gnu11 -g3 -DDEBUG -DARM_MATH_MATRIX_CHECK -DUSE_HAL_DRIVER -DSTM32F411xE -c -I../Core/Inc -I../Drivers/STM32F4xx_HAL_Driver/Inc -I../Drivers/STM32F4xx_HAL_Driver/Inc/Legacy -I../Drivers/CMSIS/Device/ST/STM32F4xx/Include -I../Drivers/CMSIS/Include -I../Middlewares/Third_Party/ARM_CMSIS/CMSIS/DSP/Include -I../Middlewares/Third_Party/ARM_CMSIS/CMSIS/Core/Include/ -I../Middlewares/Third_Party/ARM_CMSIS/CMSIS/Core_A/Include/ -O0 -ffunction-sections -fdata-sections -Wall -fstack-usage -MMD -MP -MF"Core/Src/main.d" -MT"Core/Src/main.o" --specs=nano.specs -mfpu=fpv4-sp-d16 -mfloat-abi=hard -mthumb -o "Core/Src/main.o"
../Core/Src/main.c: In function 'main':
../Core/Src/main.c:119:3: warning: implicit declaration of function 'Kalman_Start' [-Wimplicit-function-declaration]
  119 |   Kalman_Start();
      |   ^~~~~~~~~~~~
In file included from ../Core/Inc/stm32f4xx_hal_conf.h:402,
                 from ../Drivers/STM32F4xx_HAL_Driver/Inc/stm32f4xx_hal.h:29,
                 from ../Core/Inc/main.h:30,
                 from ../Core/Src/main.c:20:
../Core/Src/main.c: In function 'setMotor':
../Core/Src/main.c:435:46: warning: implicit declaration of function 'abs' [-Wimplicit-function-declaration]
  435 |   __HAL_TIM_SET_COMPARE(&htim1,TIM_CHANNEL_1,abs(PWM));
      |                                              ^~~
../Drivers/STM32F4xx_HAL_Driver/Inc/stm32f4xx_hal_tim.h:1396:72: note: in definition of macro '__HAL_TIM_SET_COMPARE'
 1396 |   (((__CHANNEL__) == TIM_CHANNEL_1) ? ((__HANDLE__)->Instance->CCR1 = (__COMPARE__)) :\
      |                                                                        ^~~~~~~~~~~
arm-none-eabi-gcc -o "KalmanFilter.elf" @"objects.list"  -l:libarm_cortexM4lf_math.a -mcpu=cortex-m4 -T"C:\FRA222_MICROCONTROLLER\KalmanFilter\STM32F411RETX_FLASH.ld" --specs=nosys.specs -Wl,-Map="KalmanFilter.map" -Wl,--gc-sections -static -L../Middlewares/Third_Party/ARM_CMSIS/CMSIS/DSP/Lib/GCC --specs=nano.specs -mfpu=fpv4-sp-d16 -mfloat-abi=hard -mthumb -u _printf_float -u _scanf_float -Wl,--start-group -lc -lm -Wl,--end-group
Finished building target: KalmanFilter.elf
 
arm-none-eabi-size   KalmanFilter.elf 
arm-none-eabi-objdump -h -S  KalmanFilter.elf  > "KalmanFilter.list"
   text	   data	    bss	    dec	    hex	filename
  40668	    764	   2520	  43952	   abb0	KalmanFilter.elf
Finished building: default.size.stdout
 
Finished building: KalmanFilter.list
 
03:57:40 **** Incremental Build of configuration Debug for project KalmanFilter ****
make -j16 all 
arm-none-eabi-gcc "../Core/Src/main.c" -mcpu=cortex-m4 -std=gnu11 -g3 -DDEBUG -DARM_MATH_MATRIX_CHECK -DUSE_HAL_DRIVER -DSTM32F411xE -c -I../Core/Inc -I../Drivers/STM32F4xx_HAL_Driver/Inc -I../Drivers/STM32F4xx_HAL_Driver/Inc/Legacy -I../Drivers/CMSIS/Device/ST/STM32F4xx/Include -I../Drivers/CMSIS/Include -I../Middlewares/Third_Party/ARM_CMSIS/CMSIS/DSP/Include -I../Middlewares/Third_Party/ARM_CMSIS/CMSIS/Core/Include/ -I../Middlewares/Third_Party/ARM_CMSIS/CMSIS/Core_A/Include/ -O0 -ffunction-sections -fdata-sections -Wall -fstack-usage -MMD -MP -MF"Core/Src/main.d" -MT"Core/Src/main.o" --specs=nano.specs -mfpu=fpv4-sp-d16 -mfloat-abi=hard -mthumb -o "Core/Src/main.o"
../Core/Src/main.c: In function 'main':
../Core/Src/main.c:119:3: warning: implicit declaration of function 'Kalman_Start' [-Wimplicit-function-declaration]
  119 |   Kalman_Start();
      |   ^~~~~~~~~~~~
In file included from ../Core/Inc/stm32f4xx_hal_conf.h:402,
                 from ../Drivers/STM32F4xx_HAL_Driver/Inc/stm32f4xx_hal.h:29,
                 from ../Core/Inc/main.h:30,
                 from ../Core/Src/main.c:20:
../Core/Src/main.c: In function 'setMotor':
../Core/Src/main.c:435:46: warning: implicit declaration of function 'abs' [-Wimplicit-function-declaration]
  435 |   __HAL_TIM_SET_COMPARE(&htim1,TIM_CHANNEL_1,abs(PWM));
      |                                              ^~~
../Drivers/STM32F4xx_HAL_Driver/Inc/stm32f4xx_hal_tim.h:1396:72: note: in definition of macro '__HAL_TIM_SET_COMPARE'
 1396 |   (((__CHANNEL__) == TIM_CHANNEL_1) ? ((__HANDLE__)->Instance->CCR1 = (__COMPARE__)) :\
      |                                                                        ^~~~~~~~~~~
arm-none-eabi-gcc -o "KalmanFilter.elf" @"objects.list"  -l:libarm_cortexM4lf_math.a -mcpu=cortex-m4 -T"C:\FRA222_MICROCONTROLLER\KalmanFilter\STM32F411RETX_FLASH.ld" --specs=nosys.specs -Wl,-Map="KalmanFilter.map" -Wl,--gc-sections -static -L../Middlewares/Third_Party/ARM_CMSIS/CMSIS/DSP/Lib/GCC --specs=nano.specs -mfpu=fpv4-sp-d16 -mfloat-abi=hard -mthumb -u _printf_float -u _scanf_float -Wl,--start-group -lc -lm -Wl,--end-group
Finished building target: KalmanFilter.elf
 
arm-none-eabi-size   KalmanFilter.elf 
arm-none-eabi-objdump -h -S  KalmanFilter.elf  > "KalmanFilter.list"
   text	   data	    bss	    dec	    hex	filename
  45468	    764	   2520	  48752	   be70	KalmanFilter.elf
Finished building: default.size.stdout
 
Finished building: KalmanFilter.list
 
03:59:20 **** Incremental Build of configuration Debug for project KalmanFilter ****
make -j16 all 
arm-none-eabi-gcc "../Core/Src/main.c" -mcpu=cortex-m4 -std=gnu11 -g3 -DDEBUG -DARM_MATH_MATRIX_CHECK -DUSE_HAL_DRIVER -DSTM32F411xE -c -I../Core/Inc -I../Drivers/STM32F4xx_HAL_Driver/Inc -I../Drivers/STM32F4xx_HAL_Driver/Inc/Legacy -I../Drivers/CMSIS/Device/ST/STM32F4xx/Include -I../Drivers/CMSIS/Include -I../Middlewares/Third_Party/ARM_CMSIS/CMSIS/DSP/Include -I../Middlewares/Third_Party/ARM_CMSIS/CMSIS/Core/Include/ -I../Middlewares/Third_Party/ARM_CMSIS/CMSIS/Core_A/Include/ -O0 -ffunction-sections -fdata-sections -Wall -fstack-usage -MMD -MP -MF"Core/Src/main.d" -MT"Core/Src/main.o" --specs=nano.specs -mfpu=fpv4-sp-d16 -mfloat-abi=hard -mthumb -o "Core/Src/main.o"
../Core/Src/main.c: In function 'main':
../Core/Src/main.c:119:3: warning: implicit declaration of function 'Kalman_Start' [-Wimplicit-function-declaration]
  119 |   Kalman_Start();
      |   ^~~~~~~~~~~~
In file included from ../Core/Inc/stm32f4xx_hal_conf.h:402,
                 from ../Drivers/STM32F4xx_HAL_Driver/Inc/stm32f4xx_hal.h:29,
                 from ../Core/Inc/main.h:30,
                 from ../Core/Src/main.c:20:
../Core/Src/main.c: In function 'setMotor':
../Core/Src/main.c:435:46: warning: implicit declaration of function 'abs' [-Wimplicit-function-declaration]
  435 |   __HAL_TIM_SET_COMPARE(&htim1,TIM_CHANNEL_1,abs(PWM));
      |                                              ^~~
../Drivers/STM32F4xx_HAL_Driver/Inc/stm32f4xx_hal_tim.h:1396:72: note: in definition of macro '__HAL_TIM_SET_COMPARE'
 1396 |   (((__CHANNEL__) == TIM_CHANNEL_1) ? ((__HANDLE__)->Instance->CCR1 = (__COMPARE__)) :\
      |                                                                        ^~~~~~~~~~~
arm-none-eabi-gcc -o "KalmanFilter.elf" @"objects.list"  -l:libarm_cortexM4lf_math.a -mcpu=cortex-m4 -T"C:\FRA222_MICROCONTROLLER\KalmanFilter\STM32F411RETX_FLASH.ld" --specs=nosys.specs -Wl,-Map="KalmanFilter.map" -Wl,--gc-sections -static -L../Middlewares/Third_Party/ARM_CMSIS/CMSIS/DSP/Lib/GCC --specs=nano.specs -mfpu=fpv4-sp-d16 -mfloat-abi=hard -mthumb -u _printf_float -u _scanf_float -Wl,--start-group -lc -lm -Wl,--end-group
Finished building target: KalmanFilter.elf
 
arm-none-eabi-size   KalmanFilter.elf 
arm-none-eabi-objdump -h -S  KalmanFilter.elf  > "KalmanFilter.list"
   text	   data	    bss	    dec	    hex	filename
  45460	    764	   2520	  48744	   be68	KalmanFilter.elf
Finished building: default.size.stdout
 
Finished building: KalmanFilter.list
 
04:00:25 **** Incremental Build of configuration Debug for project KalmanFilter ****
make -j16 all 
arm-none-eabi-gcc "../Core/Src/main.c" -mcpu=cortex-m4 -std=gnu11 -g3 -DDEBUG -DARM_MATH_MATRIX_CHECK -DUSE_HAL_DRIVER -DSTM32F411xE -c -I../Core/Inc -I../Drivers/STM32F4xx_HAL_Driver/Inc -I../Drivers/STM32F4xx_HAL_Driver/Inc/Legacy -I../Drivers/CMSIS/Device/ST/STM32F4xx/Include -I../Drivers/CMSIS/Include -I../Middlewares/Third_Party/ARM_CMSIS/CMSIS/DSP/Include -I../Middlewares/Third_Party/ARM_CMSIS/CMSIS/Core/Include/ -I../Middlewares/Third_Party/ARM_CMSIS/CMSIS/Core_A/Include/ -O0 -ffunction-sections -fdata-sections -Wall -fstack-usage -MMD -MP -MF"Core/Src/main.d" -MT"Core/Src/main.o" --specs=nano.specs -mfpu=fpv4-sp-d16 -mfloat-abi=hard -mthumb -o "Core/Src/main.o"
../Core/Src/main.c: In function 'main':
../Core/Src/main.c:119:3: warning: implicit declaration of function 'Kalman_Start' [-Wimplicit-function-declaration]
  119 |   Kalman_Start();
      |   ^~~~~~~~~~~~
In file included from ../Core/Inc/stm32f4xx_hal_conf.h:402,
                 from ../Drivers/STM32F4xx_HAL_Driver/Inc/stm32f4xx_hal.h:29,
                 from ../Core/Inc/main.h:30,
                 from ../Core/Src/main.c:20:
../Core/Src/main.c: In function 'setMotor':
../Core/Src/main.c:435:46: warning: implicit declaration of function 'abs' [-Wimplicit-function-declaration]
  435 |   __HAL_TIM_SET_COMPARE(&htim1,TIM_CHANNEL_1,abs(PWM));
      |                                              ^~~
../Drivers/STM32F4xx_HAL_Driver/Inc/stm32f4xx_hal_tim.h:1396:72: note: in definition of macro '__HAL_TIM_SET_COMPARE'
 1396 |   (((__CHANNEL__) == TIM_CHANNEL_1) ? ((__HANDLE__)->Instance->CCR1 = (__COMPARE__)) :\
      |                                                                        ^~~~~~~~~~~
arm-none-eabi-gcc -o "KalmanFilter.elf" @"objects.list"  -l:libarm_cortexM4lf_math.a -mcpu=cortex-m4 -T"C:\FRA222_MICROCONTROLLER\KalmanFilter\STM32F411RETX_FLASH.ld" --specs=nosys.specs -Wl,-Map="KalmanFilter.map" -Wl,--gc-sections -static -L../Middlewares/Third_Party/ARM_CMSIS/CMSIS/DSP/Lib/GCC --specs=nano.specs -mfpu=fpv4-sp-d16 -mfloat-abi=hard -mthumb -u _printf_float -u _scanf_float -Wl,--start-group -lc -lm -Wl,--end-group
Finished building target: KalmanFilter.elf
 
arm-none-eabi-size   KalmanFilter.elf 
arm-none-eabi-objdump -h -S  KalmanFilter.elf  > "KalmanFilter.list"
   text	   data	    bss	    dec	    hex	filename
  45460	    764	   2520	  48744	   be68	KalmanFilter.elf
Finished building: default.size.stdout
 
Finished building: KalmanFilter.list
 
04:01:44 **** Incremental Build of configuration Debug for project KalmanFilter ****
make -j16 all 
arm-none-eabi-gcc "../Core/Src/main.c" -mcpu=cortex-m4 -std=gnu11 -g3 -DDEBUG -DARM_MATH_MATRIX_CHECK -DUSE_HAL_DRIVER -DSTM32F411xE -c -I../Core/Inc -I../Drivers/STM32F4xx_HAL_Driver/Inc -I../Drivers/STM32F4xx_HAL_Driver/Inc/Legacy -I../Drivers/CMSIS/Device/ST/STM32F4xx/Include -I../Drivers/CMSIS/Include -I../Middlewares/Third_Party/ARM_CMSIS/CMSIS/DSP/Include -I../Middlewares/Third_Party/ARM_CMSIS/CMSIS/Core/Include/ -I../Middlewares/Third_Party/ARM_CMSIS/CMSIS/Core_A/Include/ -O0 -ffunction-sections -fdata-sections -Wall -fstack-usage -MMD -MP -MF"Core/Src/main.d" -MT"Core/Src/main.o" --specs=nano.specs -mfpu=fpv4-sp-d16 -mfloat-abi=hard -mthumb -o "Core/Src/main.o"
../Core/Src/main.c: In function 'main':
../Core/Src/main.c:119:3: warning: implicit declaration of function 'Kalman_Start' [-Wimplicit-function-declaration]
  119 |   Kalman_Start();
      |   ^~~~~~~~~~~~
In file included from ../Core/Inc/stm32f4xx_hal_conf.h:402,
                 from ../Drivers/STM32F4xx_HAL_Driver/Inc/stm32f4xx_hal.h:29,
                 from ../Core/Inc/main.h:30,
                 from ../Core/Src/main.c:20:
../Core/Src/main.c: In function 'setMotor':
../Core/Src/main.c:435:46: warning: implicit declaration of function 'abs' [-Wimplicit-function-declaration]
  435 |   __HAL_TIM_SET_COMPARE(&htim1,TIM_CHANNEL_1,abs(PWM));
      |                                              ^~~
../Drivers/STM32F4xx_HAL_Driver/Inc/stm32f4xx_hal_tim.h:1396:72: note: in definition of macro '__HAL_TIM_SET_COMPARE'
 1396 |   (((__CHANNEL__) == TIM_CHANNEL_1) ? ((__HANDLE__)->Instance->CCR1 = (__COMPARE__)) :\
      |                                                                        ^~~~~~~~~~~
arm-none-eabi-gcc -o "KalmanFilter.elf" @"objects.list"  -l:libarm_cortexM4lf_math.a -mcpu=cortex-m4 -T"C:\FRA222_MICROCONTROLLER\KalmanFilter\STM32F411RETX_FLASH.ld" --specs=nosys.specs -Wl,-Map="KalmanFilter.map" -Wl,--gc-sections -static -L../Middlewares/Third_Party/ARM_CMSIS/CMSIS/DSP/Lib/GCC --specs=nano.specs -mfpu=fpv4-sp-d16 -mfloat-abi=hard -mthumb -u _printf_float -u _scanf_float -Wl,--start-group -lc -lm -Wl,--end-group
Finished building target: KalmanFilter.elf
 
arm-none-eabi-size   KalmanFilter.elf 
arm-none-eabi-objdump -h -S  KalmanFilter.elf  > "KalmanFilter.list"
   text	   data	    bss	    dec	    hex	filename
  45412	    764	   2520	  48696	   be38	KalmanFilter.elf
Finished building: default.size.stdout
 
Finished building: KalmanFilter.list
 
04:03:29 **** Incremental Build of configuration Debug for project KalmanFilter ****
make -j16 all 
arm-none-eabi-gcc "../Core/Src/main.c" -mcpu=cortex-m4 -std=gnu11 -g3 -DDEBUG -DARM_MATH_MATRIX_CHECK -DUSE_HAL_DRIVER -DSTM32F411xE -c -I../Core/Inc -I../Drivers/STM32F4xx_HAL_Driver/Inc -I../Drivers/STM32F4xx_HAL_Driver/Inc/Legacy -I../Drivers/CMSIS/Device/ST/STM32F4xx/Include -I../Drivers/CMSIS/Include -I../Middlewares/Third_Party/ARM_CMSIS/CMSIS/DSP/Include -I../Middlewares/Third_Party/ARM_CMSIS/CMSIS/Core/Include/ -I../Middlewares/Third_Party/ARM_CMSIS/CMSIS/Core_A/Include/ -O0 -ffunction-sections -fdata-sections -Wall -fstack-usage -MMD -MP -MF"Core/Src/main.d" -MT"Core/Src/main.o" --specs=nano.specs -mfpu=fpv4-sp-d16 -mfloat-abi=hard -mthumb -o "Core/Src/main.o"
../Core/Src/main.c: In function 'main':
../Core/Src/main.c:119:3: warning: implicit declaration of function 'Kalman_Start' [-Wimplicit-function-declaration]
  119 |   Kalman_Start();
      |   ^~~~~~~~~~~~
In file included from ../Core/Inc/stm32f4xx_hal_conf.h:402,
                 from ../Drivers/STM32F4xx_HAL_Driver/Inc/stm32f4xx_hal.h:29,
                 from ../Core/Inc/main.h:30,
                 from ../Core/Src/main.c:20:
../Core/Src/main.c: In function 'setMotor':
../Core/Src/main.c:435:46: warning: implicit declaration of function 'abs' [-Wimplicit-function-declaration]
  435 |   __HAL_TIM_SET_COMPARE(&htim1,TIM_CHANNEL_1,abs(PWM));
      |                                              ^~~
../Drivers/STM32F4xx_HAL_Driver/Inc/stm32f4xx_hal_tim.h:1396:72: note: in definition of macro '__HAL_TIM_SET_COMPARE'
 1396 |   (((__CHANNEL__) == TIM_CHANNEL_1) ? ((__HANDLE__)->Instance->CCR1 = (__COMPARE__)) :\
      |                                                                        ^~~~~~~~~~~
arm-none-eabi-gcc -o "KalmanFilter.elf" @"objects.list"  -l:libarm_cortexM4lf_math.a -mcpu=cortex-m4 -T"C:\FRA222_MICROCONTROLLER\KalmanFilter\STM32F411RETX_FLASH.ld" --specs=nosys.specs -Wl,-Map="KalmanFilter.map" -Wl,--gc-sections -static -L../Middlewares/Third_Party/ARM_CMSIS/CMSIS/DSP/Lib/GCC --specs=nano.specs -mfpu=fpv4-sp-d16 -mfloat-abi=hard -mthumb -u _printf_float -u _scanf_float -Wl,--start-group -lc -lm -Wl,--end-group
Finished building target: KalmanFilter.elf
 
arm-none-eabi-size   KalmanFilter.elf 
arm-none-eabi-objdump -h -S  KalmanFilter.elf  > "KalmanFilter.list"
   text	   data	    bss	    dec	    hex	filename
  45412	    764	   2520	  48696	   be38	KalmanFilter.elf
Finished building: default.size.stdout
 
Finished building: KalmanFilter.list
 
04:04:11 **** Incremental Build of configuration Debug for project KalmanFilter ****
make -j16 all 
arm-none-eabi-gcc "../Core/Src/main.c" -mcpu=cortex-m4 -std=gnu11 -g3 -DDEBUG -DARM_MATH_MATRIX_CHECK -DUSE_HAL_DRIVER -DSTM32F411xE -c -I../Core/Inc -I../Drivers/STM32F4xx_HAL_Driver/Inc -I../Drivers/STM32F4xx_HAL_Driver/Inc/Legacy -I../Drivers/CMSIS/Device/ST/STM32F4xx/Include -I../Drivers/CMSIS/Include -I../Middlewares/Third_Party/ARM_CMSIS/CMSIS/DSP/Include -I../Middlewares/Third_Party/ARM_CMSIS/CMSIS/Core/Include/ -I../Middlewares/Third_Party/ARM_CMSIS/CMSIS/Core_A/Include/ -O0 -ffunction-sections -fdata-sections -Wall -fstack-usage -MMD -MP -MF"Core/Src/main.d" -MT"Core/Src/main.o" --specs=nano.specs -mfpu=fpv4-sp-d16 -mfloat-abi=hard -mthumb -o "Core/Src/main.o"
../Core/Src/main.c: In function 'main':
../Core/Src/main.c:119:3: warning: implicit declaration of function 'Kalman_Start' [-Wimplicit-function-declaration]
  119 |   Kalman_Start();
      |   ^~~~~~~~~~~~
In file included from ../Core/Inc/stm32f4xx_hal_conf.h:402,
                 from ../Drivers/STM32F4xx_HAL_Driver/Inc/stm32f4xx_hal.h:29,
                 from ../Core/Inc/main.h:30,
                 from ../Core/Src/main.c:20:
../Core/Src/main.c: In function 'setMotor':
../Core/Src/main.c:435:46: warning: implicit declaration of function 'abs' [-Wimplicit-function-declaration]
  435 |   __HAL_TIM_SET_COMPARE(&htim1,TIM_CHANNEL_1,abs(PWM));
      |                                              ^~~
../Drivers/STM32F4xx_HAL_Driver/Inc/stm32f4xx_hal_tim.h:1396:72: note: in definition of macro '__HAL_TIM_SET_COMPARE'
 1396 |   (((__CHANNEL__) == TIM_CHANNEL_1) ? ((__HANDLE__)->Instance->CCR1 = (__COMPARE__)) :\
      |                                                                        ^~~~~~~~~~~
arm-none-eabi-gcc -o "KalmanFilter.elf" @"objects.list"  -l:libarm_cortexM4lf_math.a -mcpu=cortex-m4 -T"C:\FRA222_MICROCONTROLLER\KalmanFilter\STM32F411RETX_FLASH.ld" --specs=nosys.specs -Wl,-Map="KalmanFilter.map" -Wl,--gc-sections -static -L../Middlewares/Third_Party/ARM_CMSIS/CMSIS/DSP/Lib/GCC --specs=nano.specs -mfpu=fpv4-sp-d16 -mfloat-abi=hard -mthumb -u _printf_float -u _scanf_float -Wl,--start-group -lc -lm -Wl,--end-group
Finished building target: KalmanFilter.elf
 
arm-none-eabi-size   KalmanFilter.elf 
arm-none-eabi-objdump -h -S  KalmanFilter.elf  > "KalmanFilter.list"
   text	   data	    bss	    dec	    hex	filename
  45420	    764	   2520	  48704	   be40	KalmanFilter.elf
Finished building: default.size.stdout
 
Finished building: KalmanFilter.list
 
04:05:49 **** Incremental Build of configuration Debug for project KalmanFilter ****
make -j16 all 
arm-none-eabi-gcc "../Core/Src/main.c" -mcpu=cortex-m4 -std=gnu11 -g3 -DDEBUG -DARM_MATH_MATRIX_CHECK -DUSE_HAL_DRIVER -DSTM32F411xE -c -I../Core/Inc -I../Drivers/STM32F4xx_HAL_Driver/Inc -I../Drivers/STM32F4xx_HAL_Driver/Inc/Legacy -I../Drivers/CMSIS/Device/ST/STM32F4xx/Include -I../Drivers/CMSIS/Include -I../Middlewares/Third_Party/ARM_CMSIS/CMSIS/DSP/Include -I../Middlewares/Third_Party/ARM_CMSIS/CMSIS/Core/Include/ -I../Middlewares/Third_Party/ARM_CMSIS/CMSIS/Core_A/Include/ -O0 -ffunction-sections -fdata-sections -Wall -fstack-usage -MMD -MP -MF"Core/Src/main.d" -MT"Core/Src/main.o" --specs=nano.specs -mfpu=fpv4-sp-d16 -mfloat-abi=hard -mthumb -o "Core/Src/main.o"
../Core/Src/main.c: In function 'main':
../Core/Src/main.c:119:3: warning: implicit declaration of function 'Kalman_Start' [-Wimplicit-function-declaration]
  119 |   Kalman_Start();
      |   ^~~~~~~~~~~~
In file included from ../Core/Inc/stm32f4xx_hal_conf.h:402,
                 from ../Drivers/STM32F4xx_HAL_Driver/Inc/stm32f4xx_hal.h:29,
                 from ../Core/Inc/main.h:30,
                 from ../Core/Src/main.c:20:
../Core/Src/main.c: In function 'setMotor':
../Core/Src/main.c:435:46: warning: implicit declaration of function 'abs' [-Wimplicit-function-declaration]
  435 |   __HAL_TIM_SET_COMPARE(&htim1,TIM_CHANNEL_1,abs(PWM));
      |                                              ^~~
../Drivers/STM32F4xx_HAL_Driver/Inc/stm32f4xx_hal_tim.h:1396:72: note: in definition of macro '__HAL_TIM_SET_COMPARE'
 1396 |   (((__CHANNEL__) == TIM_CHANNEL_1) ? ((__HANDLE__)->Instance->CCR1 = (__COMPARE__)) :\
      |                                                                        ^~~~~~~~~~~
../Core/Src/main.c: In function 'HAL_TIM_PeriodElapsedCallback':
../Core/Src/main.c:457:14: warning: implicit declaration of function 'SteadyStateKalmanFilter' [-Wimplicit-function-declaration]
  457 |     kalman = SteadyStateKalmanFilter(Vol ,RawSpeed);
      |              ^~~~~~~~~~~~~~~~~~~~~~~
../Core/Src/main.c:457:38: error: 'Vol' undeclared (first use in this function)
  457 |     kalman = SteadyStateKalmanFilter(Vol ,RawSpeed);
      |                                      ^~~
../Core/Src/main.c:457:38: note: each undeclared identifier is reported only once for each function it appears in
make: *** [Core/Src/subdir.mk:37: Core/Src/main.o] Error 1
"make -j16 all" terminated with exit code 2. Build might be incomplete.
04:05:58 **** Incremental Build of configuration Debug for project KalmanFilter ****
make -j16 all 
arm-none-eabi-gcc "../Core/Src/main.c" -mcpu=cortex-m4 -std=gnu11 -g3 -DDEBUG -DARM_MATH_MATRIX_CHECK -DUSE_HAL_DRIVER -DSTM32F411xE -c -I../Core/Inc -I../Drivers/STM32F4xx_HAL_Driver/Inc -I../Drivers/STM32F4xx_HAL_Driver/Inc/Legacy -I../Drivers/CMSIS/Device/ST/STM32F4xx/Include -I../Drivers/CMSIS/Include -I../Middlewares/Third_Party/ARM_CMSIS/CMSIS/DSP/Include -I../Middlewares/Third_Party/ARM_CMSIS/CMSIS/Core/Include/ -I../Middlewares/Third_Party/ARM_CMSIS/CMSIS/Core_A/Include/ -O0 -ffunction-sections -fdata-sections -Wall -fstack-usage -MMD -MP -MF"Core/Src/main.d" -MT"Core/Src/main.o" --specs=nano.specs -mfpu=fpv4-sp-d16 -mfloat-abi=hard -mthumb -o "Core/Src/main.o"
../Core/Src/main.c: In function 'main':
../Core/Src/main.c:119:3: warning: implicit declaration of function 'Kalman_Start' [-Wimplicit-function-declaration]
  119 |   Kalman_Start();
      |   ^~~~~~~~~~~~
In file included from ../Core/Inc/stm32f4xx_hal_conf.h:402,
                 from ../Drivers/STM32F4xx_HAL_Driver/Inc/stm32f4xx_hal.h:29,
                 from ../Core/Inc/main.h:30,
                 from ../Core/Src/main.c:20:
../Core/Src/main.c: In function 'setMotor':
../Core/Src/main.c:435:46: warning: implicit declaration of function 'abs' [-Wimplicit-function-declaration]
  435 |   __HAL_TIM_SET_COMPARE(&htim1,TIM_CHANNEL_1,abs(PWM));
      |                                              ^~~
../Drivers/STM32F4xx_HAL_Driver/Inc/stm32f4xx_hal_tim.h:1396:72: note: in definition of macro '__HAL_TIM_SET_COMPARE'
 1396 |   (((__CHANNEL__) == TIM_CHANNEL_1) ? ((__HANDLE__)->Instance->CCR1 = (__COMPARE__)) :\
      |                                                                        ^~~~~~~~~~~
../Core/Src/main.c: In function 'HAL_TIM_PeriodElapsedCallback':
../Core/Src/main.c:457:14: warning: implicit declaration of function 'SteadyStateKalmanFilter' [-Wimplicit-function-declaration]
  457 |     kalman = SteadyStateKalmanFilter(Voltage ,RawSpeed);
      |              ^~~~~~~~~~~~~~~~~~~~~~~
arm-none-eabi-gcc -o "KalmanFilter.elf" @"objects.list"  -l:libarm_cortexM4lf_math.a -mcpu=cortex-m4 -T"C:\FRA222_MICROCONTROLLER\KalmanFilter\STM32F411RETX_FLASH.ld" --specs=nosys.specs -Wl,-Map="KalmanFilter.map" -Wl,--gc-sections -static -L../Middlewares/Third_Party/ARM_CMSIS/CMSIS/DSP/Lib/GCC --specs=nano.specs -mfpu=fpv4-sp-d16 -mfloat-abi=hard -mthumb -u _printf_float -u _scanf_float -Wl,--start-group -lc -lm -Wl,--end-group
Finished building target: KalmanFilter.elf
 
arm-none-eabi-size   KalmanFilter.elf 
arm-none-eabi-objdump -h -S  KalmanFilter.elf  > "KalmanFilter.list"
   text	   data	    bss	    dec	    hex	filename
  47332	    768	   2536	  50636	   c5cc	KalmanFilter.elf
Finished building: default.size.stdout
 
Finished building: KalmanFilter.list
 
04:07:40 **** Incremental Build of configuration Debug for project KalmanFilter ****
make -j16 all 
arm-none-eabi-gcc "../Core/Src/kalman.c" -mcpu=cortex-m4 -std=gnu11 -g3 -DDEBUG -DARM_MATH_MATRIX_CHECK -DUSE_HAL_DRIVER -DSTM32F411xE -c -I../Core/Inc -I../Drivers/STM32F4xx_HAL_Driver/Inc -I../Drivers/STM32F4xx_HAL_Driver/Inc/Legacy -I../Drivers/CMSIS/Device/ST/STM32F4xx/Include -I../Drivers/CMSIS/Include -I../Middlewares/Third_Party/ARM_CMSIS/CMSIS/DSP/Include -I../Middlewares/Third_Party/ARM_CMSIS/CMSIS/Core/Include/ -I../Middlewares/Third_Party/ARM_CMSIS/CMSIS/Core_A/Include/ -O0 -ffunction-sections -fdata-sections -Wall -fstack-usage -MMD -MP -MF"Core/Src/kalman.d" -MT"Core/Src/kalman.o" --specs=nano.specs -mfpu=fpv4-sp-d16 -mfloat-abi=hard -mthumb -o "Core/Src/kalman.o"
arm-none-eabi-gcc "../Core/Src/main.c" -mcpu=cortex-m4 -std=gnu11 -g3 -DDEBUG -DARM_MATH_MATRIX_CHECK -DUSE_HAL_DRIVER -DSTM32F411xE -c -I../Core/Inc -I../Drivers/STM32F4xx_HAL_Driver/Inc -I../Drivers/STM32F4xx_HAL_Driver/Inc/Legacy -I../Drivers/CMSIS/Device/ST/STM32F4xx/Include -I../Drivers/CMSIS/Include -I../Middlewares/Third_Party/ARM_CMSIS/CMSIS/DSP/Include -I../Middlewares/Third_Party/ARM_CMSIS/CMSIS/Core/Include/ -I../Middlewares/Third_Party/ARM_CMSIS/CMSIS/Core_A/Include/ -O0 -ffunction-sections -fdata-sections -Wall -fstack-usage -MMD -MP -MF"Core/Src/main.d" -MT"Core/Src/main.o" --specs=nano.specs -mfpu=fpv4-sp-d16 -mfloat-abi=hard -mthumb -o "Core/Src/main.o"
../Core/Src/kalman.c:119:11: error: conflicting types for 'SteadyStateKalmanFilter'
  119 | float32_t SteadyStateKalmanFilter(float32_t Vin,float32_t Velocity){
      |           ^~~~~~~~~~~~~~~~~~~~~~~
In file included from ../Core/Src/kalman.c:8:
../Core/Inc/kalman.h:16:11: note: previous declaration of 'SteadyStateKalmanFilter' was here
   16 | float32_t SteadyStateKalmanFilter(double Vin, double Velocity);
      |           ^~~~~~~~~~~~~~~~~~~~~~~
make: *** [Core/Src/subdir.mk:37: Core/Src/kalman.o] Error 1
make: *** Waiting for unfinished jobs....
../Core/Src/main.c: In function 'main':
../Core/Src/main.c:119:3: warning: implicit declaration of function 'Kalman_Start' [-Wimplicit-function-declaration]
  119 |   Kalman_Start();
      |   ^~~~~~~~~~~~
In file included from ../Core/Inc/stm32f4xx_hal_conf.h:402,
                 from ../Drivers/STM32F4xx_HAL_Driver/Inc/stm32f4xx_hal.h:29,
                 from ../Core/Inc/main.h:30,
                 from ../Core/Src/main.c:20:
../Core/Src/main.c: In function 'setMotor':
../Core/Src/main.c:435:46: warning: implicit declaration of function 'abs' [-Wimplicit-function-declaration]
  435 |   __HAL_TIM_SET_COMPARE(&htim1,TIM_CHANNEL_1,abs(PWM));
      |                                              ^~~
../Drivers/STM32F4xx_HAL_Driver/Inc/stm32f4xx_hal_tim.h:1396:72: note: in definition of macro '__HAL_TIM_SET_COMPARE'
 1396 |   (((__CHANNEL__) == TIM_CHANNEL_1) ? ((__HANDLE__)->Instance->CCR1 = (__COMPARE__)) :\
      |                                                                        ^~~~~~~~~~~
../Core/Src/main.c: In function 'HAL_TIM_PeriodElapsedCallback':
../Core/Src/main.c:457:15: warning: implicit declaration of function 'SteadyStateKalmanFilter' [-Wimplicit-function-declaration]
  457 |      kalman = SteadyStateKalmanFilter(Voltage ,RawSpeed);
      |               ^~~~~~~~~~~~~~~~~~~~~~~
"make -j16 all" terminated with exit code 2. Build might be incomplete.
04:08:35 **** Incremental Build of configuration Debug for project KalmanFilter ****
make -j16 all 
arm-none-eabi-gcc "../Core/Src/kalman.c" -mcpu=cortex-m4 -std=gnu11 -g3 -DDEBUG -DARM_MATH_MATRIX_CHECK -DUSE_HAL_DRIVER -DSTM32F411xE -c -I../Core/Inc -I../Drivers/STM32F4xx_HAL_Driver/Inc -I../Drivers/STM32F4xx_HAL_Driver/Inc/Legacy -I../Drivers/CMSIS/Device/ST/STM32F4xx/Include -I../Drivers/CMSIS/Include -I../Middlewares/Third_Party/ARM_CMSIS/CMSIS/DSP/Include -I../Middlewares/Third_Party/ARM_CMSIS/CMSIS/Core/Include/ -I../Middlewares/Third_Party/ARM_CMSIS/CMSIS/Core_A/Include/ -O0 -ffunction-sections -fdata-sections -Wall -fstack-usage -MMD -MP -MF"Core/Src/kalman.d" -MT"Core/Src/kalman.o" --specs=nano.specs -mfpu=fpv4-sp-d16 -mfloat-abi=hard -mthumb -o "Core/Src/kalman.o"
../Core/Src/kalman.c:119:8: error: conflicting types for 'SteadyStateKalmanFilter'
  119 | double SteadyStateKalmanFilter(double Vin,double Velocity){
      |        ^~~~~~~~~~~~~~~~~~~~~~~
In file included from ../Core/Src/kalman.c:8:
../Core/Inc/kalman.h:16:11: note: previous declaration of 'SteadyStateKalmanFilter' was here
   16 | float32_t SteadyStateKalmanFilter(double Vin, double Velocity);
      |           ^~~~~~~~~~~~~~~~~~~~~~~
make: *** [Core/Src/subdir.mk:37: Core/Src/kalman.o] Error 1
"make -j16 all" terminated with exit code 2. Build might be incomplete.
04:09:25 **** Incremental Build of configuration Debug for project KalmanFilter ****
make -j16 all 
arm-none-eabi-gcc "../Core/Src/kalman.c" -mcpu=cortex-m4 -std=gnu11 -g3 -DDEBUG -DARM_MATH_MATRIX_CHECK -DUSE_HAL_DRIVER -DSTM32F411xE -c -I../Core/Inc -I../Drivers/STM32F4xx_HAL_Driver/Inc -I../Drivers/STM32F4xx_HAL_Driver/Inc/Legacy -I../Drivers/CMSIS/Device/ST/STM32F4xx/Include -I../Drivers/CMSIS/Include -I../Middlewares/Third_Party/ARM_CMSIS/CMSIS/DSP/Include -I../Middlewares/Third_Party/ARM_CMSIS/CMSIS/Core/Include/ -I../Middlewares/Third_Party/ARM_CMSIS/CMSIS/Core_A/Include/ -O0 -ffunction-sections -fdata-sections -Wall -fstack-usage -MMD -MP -MF"Core/Src/kalman.d" -MT"Core/Src/kalman.o" --specs=nano.specs -mfpu=fpv4-sp-d16 -mfloat-abi=hard -mthumb -o "Core/Src/kalman.o"
arm-none-eabi-gcc -o "KalmanFilter.elf" @"objects.list"  -l:libarm_cortexM4lf_math.a -mcpu=cortex-m4 -T"C:\FRA222_MICROCONTROLLER\KalmanFilter\STM32F411RETX_FLASH.ld" --specs=nosys.specs -Wl,-Map="KalmanFilter.map" -Wl,--gc-sections -static -L../Middlewares/Third_Party/ARM_CMSIS/CMSIS/DSP/Lib/GCC --specs=nano.specs -mfpu=fpv4-sp-d16 -mfloat-abi=hard -mthumb -u _printf_float -u _scanf_float -Wl,--start-group -lc -lm -Wl,--end-group
Finished building target: KalmanFilter.elf
 
arm-none-eabi-size   KalmanFilter.elf 
arm-none-eabi-objdump -h -S  KalmanFilter.elf  > "KalmanFilter.list"
   text	   data	    bss	    dec	    hex	filename
  47340	    768	   2536	  50644	   c5d4	KalmanFilter.elf
Finished building: default.size.stdout
 
Finished building: KalmanFilter.list
 
04:09:32 **** Incremental Build of configuration Debug for project KalmanFilter ****
make -j16 all 
arm-none-eabi-size   KalmanFilter.elf 
   text	   data	    bss	    dec	    hex	filename
  47340	    768	   2536	  50644	   c5d4	KalmanFilter.elf
Finished building: default.size.stdout
 
04:10:42 **** Incremental Build of configuration Debug for project KalmanFilter ****
make -j16 all 
arm-none-eabi-gcc "../Core/Src/kalman.c" -mcpu=cortex-m4 -std=gnu11 -g3 -DDEBUG -DARM_MATH_MATRIX_CHECK -DUSE_HAL_DRIVER -DSTM32F411xE -c -I../Core/Inc -I../Drivers/STM32F4xx_HAL_Driver/Inc -I../Drivers/STM32F4xx_HAL_Driver/Inc/Legacy -I../Drivers/CMSIS/Device/ST/STM32F4xx/Include -I../Drivers/CMSIS/Include -I../Middlewares/Third_Party/ARM_CMSIS/CMSIS/DSP/Include -I../Middlewares/Third_Party/ARM_CMSIS/CMSIS/Core/Include/ -I../Middlewares/Third_Party/ARM_CMSIS/CMSIS/Core_A/Include/ -O0 -ffunction-sections -fdata-sections -Wall -fstack-usage -MMD -MP -MF"Core/Src/kalman.d" -MT"Core/Src/kalman.o" --specs=nano.specs -mfpu=fpv4-sp-d16 -mfloat-abi=hard -mthumb -o "Core/Src/kalman.o"
../Core/Src/kalman.c:119:11: error: conflicting types for 'SteadyStateKalmanFilter'
  119 | float32_t SteadyStateKalmanFilter(float32_t Vin,float32_t Velocity){
      |           ^~~~~~~~~~~~~~~~~~~~~~~
In file included from ../Core/Src/kalman.c:8:
../Core/Inc/kalman.h:16:8: note: previous declaration of 'SteadyStateKalmanFilter' was here
   16 | double SteadyStateKalmanFilter(float32_t Vin, float32_t Velocity);
      |        ^~~~~~~~~~~~~~~~~~~~~~~
make: *** [Core/Src/subdir.mk:37: Core/Src/kalman.o] Error 1
"make -j16 all" terminated with exit code 2. Build might be incomplete.
04:10:53 **** Incremental Build of configuration Debug for project KalmanFilter ****
make -j16 all 
arm-none-eabi-gcc "../Core/Src/kalman.c" -mcpu=cortex-m4 -std=gnu11 -g3 -DDEBUG -DARM_MATH_MATRIX_CHECK -DUSE_HAL_DRIVER -DSTM32F411xE -c -I../Core/Inc -I../Drivers/STM32F4xx_HAL_Driver/Inc -I../Drivers/STM32F4xx_HAL_Driver/Inc/Legacy -I../Drivers/CMSIS/Device/ST/STM32F4xx/Include -I../Drivers/CMSIS/Include -I../Middlewares/Third_Party/ARM_CMSIS/CMSIS/DSP/Include -I../Middlewares/Third_Party/ARM_CMSIS/CMSIS/Core/Include/ -I../Middlewares/Third_Party/ARM_CMSIS/CMSIS/Core_A/Include/ -O0 -ffunction-sections -fdata-sections -Wall -fstack-usage -MMD -MP -MF"Core/Src/kalman.d" -MT"Core/Src/kalman.o" --specs=nano.specs -mfpu=fpv4-sp-d16 -mfloat-abi=hard -mthumb -o "Core/Src/kalman.o"
arm-none-eabi-gcc -o "KalmanFilter.elf" @"objects.list"  -l:libarm_cortexM4lf_math.a -mcpu=cortex-m4 -T"C:\FRA222_MICROCONTROLLER\KalmanFilter\STM32F411RETX_FLASH.ld" --specs=nosys.specs -Wl,-Map="KalmanFilter.map" -Wl,--gc-sections -static -L../Middlewares/Third_Party/ARM_CMSIS/CMSIS/DSP/Lib/GCC --specs=nano.specs -mfpu=fpv4-sp-d16 -mfloat-abi=hard -mthumb -u _printf_float -u _scanf_float -Wl,--start-group -lc -lm -Wl,--end-group
Finished building target: KalmanFilter.elf
 
arm-none-eabi-size   KalmanFilter.elf 
arm-none-eabi-objdump -h -S  KalmanFilter.elf  > "KalmanFilter.list"
   text	   data	    bss	    dec	    hex	filename
  47332	    768	   2536	  50636	   c5cc	KalmanFilter.elf
Finished building: default.size.stdout
 
Finished building: KalmanFilter.list
 
04:11:28 **** Incremental Build of configuration Debug for project KalmanFilter ****
make -j16 all 
arm-none-eabi-size   KalmanFilter.elf 
   text	   data	    bss	    dec	    hex	filename
  47332	    768	   2536	  50636	   c5cc	KalmanFilter.elf
Finished building: default.size.stdout
 
04:12:50 **** Incremental Build of configuration Debug for project KalmanFilter ****
make -j16 all 
arm-none-eabi-gcc "../Core/Src/main.c" -mcpu=cortex-m4 -std=gnu11 -g3 -DDEBUG -DARM_MATH_MATRIX_CHECK -DUSE_HAL_DRIVER -DSTM32F411xE -c -I../Core/Inc -I../Drivers/STM32F4xx_HAL_Driver/Inc -I../Drivers/STM32F4xx_HAL_Driver/Inc/Legacy -I../Drivers/CMSIS/Device/ST/STM32F4xx/Include -I../Drivers/CMSIS/Include -I../Middlewares/Third_Party/ARM_CMSIS/CMSIS/DSP/Include -I../Middlewares/Third_Party/ARM_CMSIS/CMSIS/Core/Include/ -I../Middlewares/Third_Party/ARM_CMSIS/CMSIS/Core_A/Include/ -O0 -ffunction-sections -fdata-sections -Wall -fstack-usage -MMD -MP -MF"Core/Src/main.d" -MT"Core/Src/main.o" --specs=nano.specs -mfpu=fpv4-sp-d16 -mfloat-abi=hard -mthumb -o "Core/Src/main.o"
../Core/Src/main.c: In function 'main':
../Core/Src/main.c:119:3: warning: implicit declaration of function 'Kalman_Start' [-Wimplicit-function-declaration]
  119 |   Kalman_Start();
      |   ^~~~~~~~~~~~
In file included from ../Core/Inc/stm32f4xx_hal_conf.h:402,
                 from ../Drivers/STM32F4xx_HAL_Driver/Inc/stm32f4xx_hal.h:29,
                 from ../Core/Inc/main.h:30,
                 from ../Core/Src/main.c:20:
../Core/Src/main.c: In function 'setMotor':
../Core/Src/main.c:435:46: warning: implicit declaration of function 'abs' [-Wimplicit-function-declaration]
  435 |   __HAL_TIM_SET_COMPARE(&htim1,TIM_CHANNEL_1,abs(PWM));
      |                                              ^~~
../Drivers/STM32F4xx_HAL_Driver/Inc/stm32f4xx_hal_tim.h:1396:72: note: in definition of macro '__HAL_TIM_SET_COMPARE'
 1396 |   (((__CHANNEL__) == TIM_CHANNEL_1) ? ((__HANDLE__)->Instance->CCR1 = (__COMPARE__)) :\
      |                                                                        ^~~~~~~~~~~
../Core/Src/main.c: In function 'HAL_TIM_PeriodElapsedCallback':
../Core/Src/main.c:457:6: warning: implicit declaration of function 'SteadyStateKalmanFilter' [-Wimplicit-function-declaration]
  457 |      SteadyStateKalmanFilter(Voltage ,RawSpeed);
      |      ^~~~~~~~~~~~~~~~~~~~~~~
arm-none-eabi-gcc -o "KalmanFilter.elf" @"objects.list"  -l:libarm_cortexM4lf_math.a -mcpu=cortex-m4 -T"C:\FRA222_MICROCONTROLLER\KalmanFilter\STM32F411RETX_FLASH.ld" --specs=nosys.specs -Wl,-Map="KalmanFilter.map" -Wl,--gc-sections -static -L../Middlewares/Third_Party/ARM_CMSIS/CMSIS/DSP/Lib/GCC --specs=nano.specs -mfpu=fpv4-sp-d16 -mfloat-abi=hard -mthumb -u _printf_float -u _scanf_float -Wl,--start-group -lc -lm -Wl,--end-group
Finished building target: KalmanFilter.elf
 
arm-none-eabi-size   KalmanFilter.elf 
arm-none-eabi-objdump -h -S  KalmanFilter.elf  > "KalmanFilter.list"
   text	   data	    bss	    dec	    hex	filename
  47300	    768	   2528	  50596	   c5a4	KalmanFilter.elf
Finished building: default.size.stdout
 
Finished building: KalmanFilter.list
 
04:15:06 **** Incremental Build of configuration Debug for project KalmanFilter ****
make -j16 all 
arm-none-eabi-gcc "../Core/Src/main.c" -mcpu=cortex-m4 -std=gnu11 -g3 -DDEBUG -DARM_MATH_MATRIX_CHECK -DUSE_HAL_DRIVER -DSTM32F411xE -c -I../Core/Inc -I../Drivers/STM32F4xx_HAL_Driver/Inc -I../Drivers/STM32F4xx_HAL_Driver/Inc/Legacy -I../Drivers/CMSIS/Device/ST/STM32F4xx/Include -I../Drivers/CMSIS/Include -I../Middlewares/Third_Party/ARM_CMSIS/CMSIS/DSP/Include -I../Middlewares/Third_Party/ARM_CMSIS/CMSIS/Core/Include/ -I../Middlewares/Third_Party/ARM_CMSIS/CMSIS/Core_A/Include/ -O0 -ffunction-sections -fdata-sections -Wall -fstack-usage -MMD -MP -MF"Core/Src/main.d" -MT"Core/Src/main.o" --specs=nano.specs -mfpu=fpv4-sp-d16 -mfloat-abi=hard -mthumb -o "Core/Src/main.o"
../Core/Src/main.c: In function 'main':
../Core/Src/main.c:113:3: warning: implicit declaration of function 'Kalman_Start' [-Wimplicit-function-declaration]
  113 |   Kalman_Start();
      |   ^~~~~~~~~~~~
In file included from ../Core/Inc/stm32f4xx_hal_conf.h:402,
                 from ../Drivers/STM32F4xx_HAL_Driver/Inc/stm32f4xx_hal.h:29,
                 from ../Core/Inc/main.h:30,
                 from ../Core/Src/main.c:20:
../Core/Src/main.c: In function 'setMotor':
../Core/Src/main.c:435:46: warning: implicit declaration of function 'abs' [-Wimplicit-function-declaration]
  435 |   __HAL_TIM_SET_COMPARE(&htim1,TIM_CHANNEL_1,abs(PWM));
      |                                              ^~~
../Drivers/STM32F4xx_HAL_Driver/Inc/stm32f4xx_hal_tim.h:1396:72: note: in definition of macro '__HAL_TIM_SET_COMPARE'
 1396 |   (((__CHANNEL__) == TIM_CHANNEL_1) ? ((__HANDLE__)->Instance->CCR1 = (__COMPARE__)) :\
      |                                                                        ^~~~~~~~~~~
../Core/Src/main.c: In function 'HAL_TIM_PeriodElapsedCallback':
../Core/Src/main.c:457:6: warning: implicit declaration of function 'SteadyStateKalmanFilter' [-Wimplicit-function-declaration]
  457 |      SteadyStateKalmanFilter(Voltage ,RawSpeed);
      |      ^~~~~~~~~~~~~~~~~~~~~~~
arm-none-eabi-gcc -o "KalmanFilter.elf" @"objects.list"  -l:libarm_cortexM4lf_math.a -mcpu=cortex-m4 -T"C:\FRA222_MICROCONTROLLER\KalmanFilter\STM32F411RETX_FLASH.ld" --specs=nosys.specs -Wl,-Map="KalmanFilter.map" -Wl,--gc-sections -static -L../Middlewares/Third_Party/ARM_CMSIS/CMSIS/DSP/Lib/GCC --specs=nano.specs -mfpu=fpv4-sp-d16 -mfloat-abi=hard -mthumb -u _printf_float -u _scanf_float -Wl,--start-group -lc -lm -Wl,--end-group
Finished building target: KalmanFilter.elf
 
arm-none-eabi-size   KalmanFilter.elf 
arm-none-eabi-objdump -h -S  KalmanFilter.elf  > "KalmanFilter.list"
   text	   data	    bss	    dec	    hex	filename
  47300	    768	   2528	  50596	   c5a4	KalmanFilter.elf
Finished building: default.size.stdout
 
Finished building: KalmanFilter.list
 
04:25:34 **** Incremental Build of configuration Debug for project KalmanFilter ****
make -j16 all 
arm-none-eabi-gcc "../Core/Src/kalman.c" -mcpu=cortex-m4 -std=gnu11 -g3 -DDEBUG -DARM_MATH_MATRIX_CHECK -DUSE_HAL_DRIVER -DSTM32F411xE -c -I../Core/Inc -I../Drivers/STM32F4xx_HAL_Driver/Inc -I../Drivers/STM32F4xx_HAL_Driver/Inc/Legacy -I../Drivers/CMSIS/Device/ST/STM32F4xx/Include -I../Drivers/CMSIS/Include -I../Middlewares/Third_Party/ARM_CMSIS/CMSIS/DSP/Include -I../Middlewares/Third_Party/ARM_CMSIS/CMSIS/Core/Include/ -I../Middlewares/Third_Party/ARM_CMSIS/CMSIS/Core_A/Include/ -O0 -ffunction-sections -fdata-sections -Wall -fstack-usage -MMD -MP -MF"Core/Src/kalman.d" -MT"Core/Src/kalman.o" --specs=nano.specs -mfpu=fpv4-sp-d16 -mfloat-abi=hard -mthumb -o "Core/Src/kalman.o"
arm-none-eabi-gcc -o "KalmanFilter.elf" @"objects.list"  -l:libarm_cortexM4lf_math.a -mcpu=cortex-m4 -T"C:\FRA222_MICROCONTROLLER\KalmanFilter\STM32F411RETX_FLASH.ld" --specs=nosys.specs -Wl,-Map="KalmanFilter.map" -Wl,--gc-sections -static -L../Middlewares/Third_Party/ARM_CMSIS/CMSIS/DSP/Lib/GCC --specs=nano.specs -mfpu=fpv4-sp-d16 -mfloat-abi=hard -mthumb -u _printf_float -u _scanf_float -Wl,--start-group -lc -lm -Wl,--end-group
Finished building target: KalmanFilter.elf
 
arm-none-eabi-size   KalmanFilter.elf 
arm-none-eabi-objdump -h -S  KalmanFilter.elf  > "KalmanFilter.list"
   text	   data	    bss	    dec	    hex	filename
  47300	    768	   2528	  50596	   c5a4	KalmanFilter.elf
Finished building: default.size.stdout
 
Finished building: KalmanFilter.list
 
04:34:25 **** Incremental Build of configuration Debug for project KalmanFilter ****
make -j16 all 
arm-none-eabi-size   KalmanFilter.elf 
   text	   data	    bss	    dec	    hex	filename
  47300	    768	   2528	  50596	   c5a4	KalmanFilter.elf
Finished building: default.size.stdout
 
04:37:15 **** Incremental Build of configuration Debug for project KalmanFilter ****
make -j16 all 
arm-none-eabi-gcc "../Core/Src/main.c" -mcpu=cortex-m4 -std=gnu11 -g3 -DDEBUG -DARM_MATH_MATRIX_CHECK -DUSE_HAL_DRIVER -DSTM32F411xE -c -I../Core/Inc -I../Drivers/STM32F4xx_HAL_Driver/Inc -I../Drivers/STM32F4xx_HAL_Driver/Inc/Legacy -I../Drivers/CMSIS/Device/ST/STM32F4xx/Include -I../Drivers/CMSIS/Include -I../Middlewares/Third_Party/ARM_CMSIS/CMSIS/DSP/Include -I../Middlewares/Third_Party/ARM_CMSIS/CMSIS/Core/Include/ -I../Middlewares/Third_Party/ARM_CMSIS/CMSIS/Core_A/Include/ -O0 -ffunction-sections -fdata-sections -Wall -fstack-usage -MMD -MP -MF"Core/Src/main.d" -MT"Core/Src/main.o" --specs=nano.specs -mfpu=fpv4-sp-d16 -mfloat-abi=hard -mthumb -o "Core/Src/main.o"
../Core/Src/main.c: In function 'main':
../Core/Src/main.c:113:3: warning: implicit declaration of function 'Kalman_Start' [-Wimplicit-function-declaration]
  113 |   Kalman_Start();
      |   ^~~~~~~~~~~~
In file included from ../Core/Inc/stm32f4xx_hal_conf.h:402,
                 from ../Drivers/STM32F4xx_HAL_Driver/Inc/stm32f4xx_hal.h:29,
                 from ../Core/Inc/main.h:30,
                 from ../Core/Src/main.c:20:
../Core/Src/main.c: In function 'setMotor':
../Core/Src/main.c:435:46: warning: implicit declaration of function 'abs' [-Wimplicit-function-declaration]
  435 |   __HAL_TIM_SET_COMPARE(&htim1,TIM_CHANNEL_1,abs(PWM));
      |                                              ^~~
../Drivers/STM32F4xx_HAL_Driver/Inc/stm32f4xx_hal_tim.h:1396:72: note: in definition of macro '__HAL_TIM_SET_COMPARE'
 1396 |   (((__CHANNEL__) == TIM_CHANNEL_1) ? ((__HANDLE__)->Instance->CCR1 = (__COMPARE__)) :\
      |                                                                        ^~~~~~~~~~~
../Core/Src/main.c: In function 'HAL_TIM_PeriodElapsedCallback':
../Core/Src/main.c:457:15: warning: implicit declaration of function 'SteadyStateKalmanFilter' [-Wimplicit-function-declaration]
  457 |      kalman = SteadyStateKalmanFilter(Voltage ,RawSpeed);
      |               ^~~~~~~~~~~~~~~~~~~~~~~
arm-none-eabi-gcc -o "KalmanFilter.elf" @"objects.list"  -l:libarm_cortexM4lf_math.a -mcpu=cortex-m4 -T"C:\FRA222_MICROCONTROLLER\KalmanFilter\STM32F411RETX_FLASH.ld" --specs=nosys.specs -Wl,-Map="KalmanFilter.map" -Wl,--gc-sections -static -L../Middlewares/Third_Party/ARM_CMSIS/CMSIS/DSP/Lib/GCC --specs=nano.specs -mfpu=fpv4-sp-d16 -mfloat-abi=hard -mthumb -u _printf_float -u _scanf_float -Wl,--start-group -lc -lm -Wl,--end-group
Finished building target: KalmanFilter.elf
 
arm-none-eabi-size   KalmanFilter.elf 
arm-none-eabi-objdump -h -S  KalmanFilter.elf  > "KalmanFilter.list"
   text	   data	    bss	    dec	    hex	filename
  47332	    768	   2536	  50636	   c5cc	KalmanFilter.elf
Finished building: default.size.stdout
 
Finished building: KalmanFilter.list
 
04:38:03 **** Incremental Build of configuration Debug for project KalmanFilter ****
make -j16 all 
arm-none-eabi-gcc "../Core/Src/main.c" -mcpu=cortex-m4 -std=gnu11 -g3 -DDEBUG -DARM_MATH_MATRIX_CHECK -DUSE_HAL_DRIVER -DSTM32F411xE -c -I../Core/Inc -I../Drivers/STM32F4xx_HAL_Driver/Inc -I../Drivers/STM32F4xx_HAL_Driver/Inc/Legacy -I../Drivers/CMSIS/Device/ST/STM32F4xx/Include -I../Drivers/CMSIS/Include -I../Middlewares/Third_Party/ARM_CMSIS/CMSIS/DSP/Include -I../Middlewares/Third_Party/ARM_CMSIS/CMSIS/Core/Include/ -I../Middlewares/Third_Party/ARM_CMSIS/CMSIS/Core_A/Include/ -O0 -ffunction-sections -fdata-sections -Wall -fstack-usage -MMD -MP -MF"Core/Src/main.d" -MT"Core/Src/main.o" --specs=nano.specs -mfpu=fpv4-sp-d16 -mfloat-abi=hard -mthumb -o "Core/Src/main.o"
../Core/Src/main.c: In function 'main':
../Core/Src/main.c:113:3: warning: implicit declaration of function 'Kalman_Start' [-Wimplicit-function-declaration]
  113 |   Kalman_Start();
      |   ^~~~~~~~~~~~
In file included from ../Core/Inc/stm32f4xx_hal_conf.h:402,
                 from ../Drivers/STM32F4xx_HAL_Driver/Inc/stm32f4xx_hal.h:29,
                 from ../Core/Inc/main.h:30,
                 from ../Core/Src/main.c:20:
../Core/Src/main.c: In function 'setMotor':
../Core/Src/main.c:435:46: warning: implicit declaration of function 'abs' [-Wimplicit-function-declaration]
  435 |   __HAL_TIM_SET_COMPARE(&htim1,TIM_CHANNEL_1,abs(PWM));
      |                                              ^~~
../Drivers/STM32F4xx_HAL_Driver/Inc/stm32f4xx_hal_tim.h:1396:72: note: in definition of macro '__HAL_TIM_SET_COMPARE'
 1396 |   (((__CHANNEL__) == TIM_CHANNEL_1) ? ((__HANDLE__)->Instance->CCR1 = (__COMPARE__)) :\
      |                                                                        ^~~~~~~~~~~
../Core/Src/main.c: In function 'HAL_TIM_PeriodElapsedCallback':
../Core/Src/main.c:457:15: warning: implicit declaration of function 'SteadyStateKalmanFilter' [-Wimplicit-function-declaration]
  457 |      kalman = SteadyStateKalmanFilter(Voltage ,RawSpeed);
      |               ^~~~~~~~~~~~~~~~~~~~~~~
arm-none-eabi-gcc -o "KalmanFilter.elf" @"objects.list"  -l:libarm_cortexM4lf_math.a -mcpu=cortex-m4 -T"C:\FRA222_MICROCONTROLLER\KalmanFilter\STM32F411RETX_FLASH.ld" --specs=nosys.specs -Wl,-Map="KalmanFilter.map" -Wl,--gc-sections -static -L../Middlewares/Third_Party/ARM_CMSIS/CMSIS/DSP/Lib/GCC --specs=nano.specs -mfpu=fpv4-sp-d16 -mfloat-abi=hard -mthumb -u _printf_float -u _scanf_float -Wl,--start-group -lc -lm -Wl,--end-group
Finished building target: KalmanFilter.elf
 
arm-none-eabi-size   KalmanFilter.elf 
arm-none-eabi-objdump -h -S  KalmanFilter.elf  > "KalmanFilter.list"
   text	   data	    bss	    dec	    hex	filename
  47324	    768	   2528	  50620	   c5bc	KalmanFilter.elf
Finished building: default.size.stdout
 
Finished building: KalmanFilter.list
 
04:38:46 **** Incremental Build of configuration Debug for project KalmanFilter ****
make -j16 all 
arm-none-eabi-gcc "../Core/Src/main.c" -mcpu=cortex-m4 -std=gnu11 -g3 -DDEBUG -DARM_MATH_MATRIX_CHECK -DUSE_HAL_DRIVER -DSTM32F411xE -c -I../Core/Inc -I../Drivers/STM32F4xx_HAL_Driver/Inc -I../Drivers/STM32F4xx_HAL_Driver/Inc/Legacy -I../Drivers/CMSIS/Device/ST/STM32F4xx/Include -I../Drivers/CMSIS/Include -I../Middlewares/Third_Party/ARM_CMSIS/CMSIS/DSP/Include -I../Middlewares/Third_Party/ARM_CMSIS/CMSIS/Core/Include/ -I../Middlewares/Third_Party/ARM_CMSIS/CMSIS/Core_A/Include/ -O0 -ffunction-sections -fdata-sections -Wall -fstack-usage -MMD -MP -MF"Core/Src/main.d" -MT"Core/Src/main.o" --specs=nano.specs -mfpu=fpv4-sp-d16 -mfloat-abi=hard -mthumb -o "Core/Src/main.o"
../Core/Src/main.c: In function 'main':
../Core/Src/main.c:113:3: warning: implicit declaration of function 'Kalman_Start' [-Wimplicit-function-declaration]
  113 |   Kalman_Start();
      |   ^~~~~~~~~~~~
In file included from ../Core/Inc/stm32f4xx_hal_conf.h:402,
                 from ../Drivers/STM32F4xx_HAL_Driver/Inc/stm32f4xx_hal.h:29,
                 from ../Core/Inc/main.h:30,
                 from ../Core/Src/main.c:20:
../Core/Src/main.c: In function 'setMotor':
../Core/Src/main.c:435:46: warning: implicit declaration of function 'abs' [-Wimplicit-function-declaration]
  435 |   __HAL_TIM_SET_COMPARE(&htim1,TIM_CHANNEL_1,abs(PWM));
      |                                              ^~~
../Drivers/STM32F4xx_HAL_Driver/Inc/stm32f4xx_hal_tim.h:1396:72: note: in definition of macro '__HAL_TIM_SET_COMPARE'
 1396 |   (((__CHANNEL__) == TIM_CHANNEL_1) ? ((__HANDLE__)->Instance->CCR1 = (__COMPARE__)) :\
      |                                                                        ^~~~~~~~~~~
../Core/Src/main.c: In function 'HAL_TIM_PeriodElapsedCallback':
../Core/Src/main.c:450:13: warning: implicit declaration of function 'SteadyStateKalmanFilter' [-Wimplicit-function-declaration]
  450 |    kalman = SteadyStateKalmanFilter(Voltage ,RawSpeed);
      |             ^~~~~~~~~~~~~~~~~~~~~~~
arm-none-eabi-gcc -o "KalmanFilter.elf" @"objects.list"  -l:libarm_cortexM4lf_math.a -mcpu=cortex-m4 -T"C:\FRA222_MICROCONTROLLER\KalmanFilter\STM32F411RETX_FLASH.ld" --specs=nosys.specs -Wl,-Map="KalmanFilter.map" -Wl,--gc-sections -static -L../Middlewares/Third_Party/ARM_CMSIS/CMSIS/DSP/Lib/GCC --specs=nano.specs -mfpu=fpv4-sp-d16 -mfloat-abi=hard -mthumb -u _printf_float -u _scanf_float -Wl,--start-group -lc -lm -Wl,--end-group
Finished building target: KalmanFilter.elf
 
arm-none-eabi-size   KalmanFilter.elf 
arm-none-eabi-objdump -h -S  KalmanFilter.elf  > "KalmanFilter.list"
   text	   data	    bss	    dec	    hex	filename
  47324	    768	   2528	  50620	   c5bc	KalmanFilter.elf
Finished building: default.size.stdout
 
Finished building: KalmanFilter.list
 
04:39:56 **** Incremental Build of configuration Debug for project KalmanFilter ****
make -j16 all 
arm-none-eabi-gcc "../Core/Src/main.c" -mcpu=cortex-m4 -std=gnu11 -g3 -DDEBUG -DARM_MATH_MATRIX_CHECK -DUSE_HAL_DRIVER -DSTM32F411xE -c -I../Core/Inc -I../Drivers/STM32F4xx_HAL_Driver/Inc -I../Drivers/STM32F4xx_HAL_Driver/Inc/Legacy -I../Drivers/CMSIS/Device/ST/STM32F4xx/Include -I../Drivers/CMSIS/Include -I../Middlewares/Third_Party/ARM_CMSIS/CMSIS/DSP/Include -I../Middlewares/Third_Party/ARM_CMSIS/CMSIS/Core/Include/ -I../Middlewares/Third_Party/ARM_CMSIS/CMSIS/Core_A/Include/ -O0 -ffunction-sections -fdata-sections -Wall -fstack-usage -MMD -MP -MF"Core/Src/main.d" -MT"Core/Src/main.o" --specs=nano.specs -mfpu=fpv4-sp-d16 -mfloat-abi=hard -mthumb -o "Core/Src/main.o"
../Core/Src/main.c: In function 'main':
../Core/Src/main.c:113:3: warning: implicit declaration of function 'Kalman_Start' [-Wimplicit-function-declaration]
  113 |   Kalman_Start();
      |   ^~~~~~~~~~~~
In file included from ../Core/Inc/stm32f4xx_hal_conf.h:402,
                 from ../Drivers/STM32F4xx_HAL_Driver/Inc/stm32f4xx_hal.h:29,
                 from ../Core/Inc/main.h:30,
                 from ../Core/Src/main.c:20:
../Core/Src/main.c: In function 'setMotor':
../Core/Src/main.c:435:46: warning: implicit declaration of function 'abs' [-Wimplicit-function-declaration]
  435 |   __HAL_TIM_SET_COMPARE(&htim1,TIM_CHANNEL_1,abs(PWM));
      |                                              ^~~
../Drivers/STM32F4xx_HAL_Driver/Inc/stm32f4xx_hal_tim.h:1396:72: note: in definition of macro '__HAL_TIM_SET_COMPARE'
 1396 |   (((__CHANNEL__) == TIM_CHANNEL_1) ? ((__HANDLE__)->Instance->CCR1 = (__COMPARE__)) :\
      |                                                                        ^~~~~~~~~~~
../Core/Src/main.c: In function 'HAL_TIM_PeriodElapsedCallback':
../Core/Src/main.c:450:13: warning: implicit declaration of function 'SteadyStateKalmanFilter' [-Wimplicit-function-declaration]
  450 |    kalman = SteadyStateKalmanFilter(Voltage ,RawSpeed);
      |             ^~~~~~~~~~~~~~~~~~~~~~~
arm-none-eabi-gcc -o "KalmanFilter.elf" @"objects.list"  -l:libarm_cortexM4lf_math.a -mcpu=cortex-m4 -T"C:\FRA222_MICROCONTROLLER\KalmanFilter\STM32F411RETX_FLASH.ld" --specs=nosys.specs -Wl,-Map="KalmanFilter.map" -Wl,--gc-sections -static -L../Middlewares/Third_Party/ARM_CMSIS/CMSIS/DSP/Lib/GCC --specs=nano.specs -mfpu=fpv4-sp-d16 -mfloat-abi=hard -mthumb -u _printf_float -u _scanf_float -Wl,--start-group -lc -lm -Wl,--end-group
Finished building target: KalmanFilter.elf
 
arm-none-eabi-size   KalmanFilter.elf 
arm-none-eabi-objdump -h -S  KalmanFilter.elf  > "KalmanFilter.list"
   text	   data	    bss	    dec	    hex	filename
  47348	    768	   2528	  50644	   c5d4	KalmanFilter.elf
Finished building: default.size.stdout
 
Finished building: KalmanFilter.list
 
04:41:03 **** Incremental Build of configuration Debug for project KalmanFilter ****
make -j16 all 
arm-none-eabi-gcc "../Core/Src/kalman.c" -mcpu=cortex-m4 -std=gnu11 -g3 -DDEBUG -DARM_MATH_MATRIX_CHECK -DUSE_HAL_DRIVER -DSTM32F411xE -c -I../Core/Inc -I../Drivers/STM32F4xx_HAL_Driver/Inc -I../Drivers/STM32F4xx_HAL_Driver/Inc/Legacy -I../Drivers/CMSIS/Device/ST/STM32F4xx/Include -I../Drivers/CMSIS/Include -I../Middlewares/Third_Party/ARM_CMSIS/CMSIS/DSP/Include -I../Middlewares/Third_Party/ARM_CMSIS/CMSIS/Core/Include/ -I../Middlewares/Third_Party/ARM_CMSIS/CMSIS/Core_A/Include/ -O0 -ffunction-sections -fdata-sections -Wall -fstack-usage -MMD -MP -MF"Core/Src/kalman.d" -MT"Core/Src/kalman.o" --specs=nano.specs -mfpu=fpv4-sp-d16 -mfloat-abi=hard -mthumb -o "Core/Src/kalman.o"
arm-none-eabi-gcc "../Core/Src/main.c" -mcpu=cortex-m4 -std=gnu11 -g3 -DDEBUG -DARM_MATH_MATRIX_CHECK -DUSE_HAL_DRIVER -DSTM32F411xE -c -I../Core/Inc -I../Drivers/STM32F4xx_HAL_Driver/Inc -I../Drivers/STM32F4xx_HAL_Driver/Inc/Legacy -I../Drivers/CMSIS/Device/ST/STM32F4xx/Include -I../Drivers/CMSIS/Include -I../Middlewares/Third_Party/ARM_CMSIS/CMSIS/DSP/Include -I../Middlewares/Third_Party/ARM_CMSIS/CMSIS/Core/Include/ -I../Middlewares/Third_Party/ARM_CMSIS/CMSIS/Core_A/Include/ -O0 -ffunction-sections -fdata-sections -Wall -fstack-usage -MMD -MP -MF"Core/Src/main.d" -MT"Core/Src/main.o" --specs=nano.specs -mfpu=fpv4-sp-d16 -mfloat-abi=hard -mthumb -o "Core/Src/main.o"
../Core/Src/main.c: In function 'main':
../Core/Src/main.c:113:3: warning: implicit declaration of function 'Kalman_Start' [-Wimplicit-function-declaration]
  113 |   Kalman_Start();
      |   ^~~~~~~~~~~~
In file included from ../Core/Inc/stm32f4xx_hal_conf.h:402,
                 from ../Drivers/STM32F4xx_HAL_Driver/Inc/stm32f4xx_hal.h:29,
                 from ../Core/Inc/main.h:30,
                 from ../Core/Src/main.c:20:
../Core/Src/main.c: In function 'setMotor':
../Core/Src/main.c:435:46: warning: implicit declaration of function 'abs' [-Wimplicit-function-declaration]
  435 |   __HAL_TIM_SET_COMPARE(&htim1,TIM_CHANNEL_1,abs(PWM));
      |                                              ^~~
../Drivers/STM32F4xx_HAL_Driver/Inc/stm32f4xx_hal_tim.h:1396:72: note: in definition of macro '__HAL_TIM_SET_COMPARE'
 1396 |   (((__CHANNEL__) == TIM_CHANNEL_1) ? ((__HANDLE__)->Instance->CCR1 = (__COMPARE__)) :\
      |                                                                        ^~~~~~~~~~~
../Core/Src/main.c: In function 'HAL_TIM_PeriodElapsedCallback':
../Core/Src/main.c:450:13: warning: implicit declaration of function 'SteadyStateKalmanFilter' [-Wimplicit-function-declaration]
  450 |    kalman = SteadyStateKalmanFilter(Voltage ,RawSpeed);
      |             ^~~~~~~~~~~~~~~~~~~~~~~
arm-none-eabi-gcc -o "KalmanFilter.elf" @"objects.list"  -l:libarm_cortexM4lf_math.a -mcpu=cortex-m4 -T"C:\FRA222_MICROCONTROLLER\KalmanFilter\STM32F411RETX_FLASH.ld" --specs=nosys.specs -Wl,-Map="KalmanFilter.map" -Wl,--gc-sections -static -L../Middlewares/Third_Party/ARM_CMSIS/CMSIS/DSP/Lib/GCC --specs=nano.specs -mfpu=fpv4-sp-d16 -mfloat-abi=hard -mthumb -u _printf_float -u _scanf_float -Wl,--start-group -lc -lm -Wl,--end-group
Finished building target: KalmanFilter.elf
 
arm-none-eabi-size   KalmanFilter.elf 
arm-none-eabi-objdump -h -S  KalmanFilter.elf  > "KalmanFilter.list"
   text	   data	    bss	    dec	    hex	filename
  47324	    768	   2528	  50620	   c5bc	KalmanFilter.elf
Finished building: default.size.stdout
 
Finished building: KalmanFilter.list
 
04:42:07 **** Incremental Build of configuration Debug for project KalmanFilter ****
make -j16 all 
arm-none-eabi-gcc "../Core/Src/kalman.c" -mcpu=cortex-m4 -std=gnu11 -g3 -DDEBUG -DARM_MATH_MATRIX_CHECK -DUSE_HAL_DRIVER -DSTM32F411xE -c -I../Core/Inc -I../Drivers/STM32F4xx_HAL_Driver/Inc -I../Drivers/STM32F4xx_HAL_Driver/Inc/Legacy -I../Drivers/CMSIS/Device/ST/STM32F4xx/Include -I../Drivers/CMSIS/Include -I../Middlewares/Third_Party/ARM_CMSIS/CMSIS/DSP/Include -I../Middlewares/Third_Party/ARM_CMSIS/CMSIS/Core/Include/ -I../Middlewares/Third_Party/ARM_CMSIS/CMSIS/Core_A/Include/ -O0 -ffunction-sections -fdata-sections -Wall -fstack-usage -MMD -MP -MF"Core/Src/kalman.d" -MT"Core/Src/kalman.o" --specs=nano.specs -mfpu=fpv4-sp-d16 -mfloat-abi=hard -mthumb -o "Core/Src/kalman.o"
arm-none-eabi-gcc -o "KalmanFilter.elf" @"objects.list"  -l:libarm_cortexM4lf_math.a -mcpu=cortex-m4 -T"C:\FRA222_MICROCONTROLLER\KalmanFilter\STM32F411RETX_FLASH.ld" --specs=nosys.specs -Wl,-Map="KalmanFilter.map" -Wl,--gc-sections -static -L../Middlewares/Third_Party/ARM_CMSIS/CMSIS/DSP/Lib/GCC --specs=nano.specs -mfpu=fpv4-sp-d16 -mfloat-abi=hard -mthumb -u _printf_float -u _scanf_float -Wl,--start-group -lc -lm -Wl,--end-group
Finished building target: KalmanFilter.elf
 
arm-none-eabi-size   KalmanFilter.elf 
arm-none-eabi-objdump -h -S  KalmanFilter.elf  > "KalmanFilter.list"
   text	   data	    bss	    dec	    hex	filename
  47324	    768	   2528	  50620	   c5bc	KalmanFilter.elf
Finished building: default.size.stdout
 
Finished building: KalmanFilter.list
 
04:42:33 **** Incremental Build of configuration Debug for project KalmanFilter ****
make -j16 all 
arm-none-eabi-gcc "../Core/Src/kalman.c" -mcpu=cortex-m4 -std=gnu11 -g3 -DDEBUG -DARM_MATH_MATRIX_CHECK -DUSE_HAL_DRIVER -DSTM32F411xE -c -I../Core/Inc -I../Drivers/STM32F4xx_HAL_Driver/Inc -I../Drivers/STM32F4xx_HAL_Driver/Inc/Legacy -I../Drivers/CMSIS/Device/ST/STM32F4xx/Include -I../Drivers/CMSIS/Include -I../Middlewares/Third_Party/ARM_CMSIS/CMSIS/DSP/Include -I../Middlewares/Third_Party/ARM_CMSIS/CMSIS/Core/Include/ -I../Middlewares/Third_Party/ARM_CMSIS/CMSIS/Core_A/Include/ -O0 -ffunction-sections -fdata-sections -Wall -fstack-usage -MMD -MP -MF"Core/Src/kalman.d" -MT"Core/Src/kalman.o" --specs=nano.specs -mfpu=fpv4-sp-d16 -mfloat-abi=hard -mthumb -o "Core/Src/kalman.o"
arm-none-eabi-gcc -o "KalmanFilter.elf" @"objects.list"  -l:libarm_cortexM4lf_math.a -mcpu=cortex-m4 -T"C:\FRA222_MICROCONTROLLER\KalmanFilter\STM32F411RETX_FLASH.ld" --specs=nosys.specs -Wl,-Map="KalmanFilter.map" -Wl,--gc-sections -static -L../Middlewares/Third_Party/ARM_CMSIS/CMSIS/DSP/Lib/GCC --specs=nano.specs -mfpu=fpv4-sp-d16 -mfloat-abi=hard -mthumb -u _printf_float -u _scanf_float -Wl,--start-group -lc -lm -Wl,--end-group
Finished building target: KalmanFilter.elf
 
arm-none-eabi-size   KalmanFilter.elf 
arm-none-eabi-objdump -h -S  KalmanFilter.elf  > "KalmanFilter.list"
   text	   data	    bss	    dec	    hex	filename
  47324	    768	   2528	  50620	   c5bc	KalmanFilter.elf
Finished building: default.size.stdout
 
Finished building: KalmanFilter.list
 
04:44:32 **** Incremental Build of configuration Debug for project KalmanFilter ****
make -j16 all 
arm-none-eabi-gcc "../Core/Src/main.c" -mcpu=cortex-m4 -std=gnu11 -g3 -DDEBUG -DARM_MATH_MATRIX_CHECK -DUSE_HAL_DRIVER -DSTM32F411xE -c -I../Core/Inc -I../Drivers/STM32F4xx_HAL_Driver/Inc -I../Drivers/STM32F4xx_HAL_Driver/Inc/Legacy -I../Drivers/CMSIS/Device/ST/STM32F4xx/Include -I../Drivers/CMSIS/Include -I../Middlewares/Third_Party/ARM_CMSIS/CMSIS/DSP/Include -I../Middlewares/Third_Party/ARM_CMSIS/CMSIS/Core/Include/ -I../Middlewares/Third_Party/ARM_CMSIS/CMSIS/Core_A/Include/ -O0 -ffunction-sections -fdata-sections -Wall -fstack-usage -MMD -MP -MF"Core/Src/main.d" -MT"Core/Src/main.o" --specs=nano.specs -mfpu=fpv4-sp-d16 -mfloat-abi=hard -mthumb -o "Core/Src/main.o"
../Core/Src/main.c: In function 'main':
../Core/Src/main.c:113:3: warning: implicit declaration of function 'Kalman_Start' [-Wimplicit-function-declaration]
  113 |   Kalman_Start();
      |   ^~~~~~~~~~~~
In file included from ../Core/Inc/stm32f4xx_hal_conf.h:402,
                 from ../Drivers/STM32F4xx_HAL_Driver/Inc/stm32f4xx_hal.h:29,
                 from ../Core/Inc/main.h:30,
                 from ../Core/Src/main.c:20:
../Core/Src/main.c: In function 'setMotor':
../Core/Src/main.c:435:46: warning: implicit declaration of function 'abs' [-Wimplicit-function-declaration]
  435 |   __HAL_TIM_SET_COMPARE(&htim1,TIM_CHANNEL_1,abs(PWM));
      |                                              ^~~
../Drivers/STM32F4xx_HAL_Driver/Inc/stm32f4xx_hal_tim.h:1396:72: note: in definition of macro '__HAL_TIM_SET_COMPARE'
 1396 |   (((__CHANNEL__) == TIM_CHANNEL_1) ? ((__HANDLE__)->Instance->CCR1 = (__COMPARE__)) :\
      |                                                                        ^~~~~~~~~~~
../Core/Src/main.c: In function 'HAL_TIM_PeriodElapsedCallback':
../Core/Src/main.c:450:13: warning: implicit declaration of function 'SteadyStateKalmanFilter' [-Wimplicit-function-declaration]
  450 |    kalman = SteadyStateKalmanFilter(Voltage ,RawSpeed);
      |             ^~~~~~~~~~~~~~~~~~~~~~~
arm-none-eabi-gcc -o "KalmanFilter.elf" @"objects.list"  -l:libarm_cortexM4lf_math.a -mcpu=cortex-m4 -T"C:\FRA222_MICROCONTROLLER\KalmanFilter\STM32F411RETX_FLASH.ld" --specs=nosys.specs -Wl,-Map="KalmanFilter.map" -Wl,--gc-sections -static -L../Middlewares/Third_Party/ARM_CMSIS/CMSIS/DSP/Lib/GCC --specs=nano.specs -mfpu=fpv4-sp-d16 -mfloat-abi=hard -mthumb -u _printf_float -u _scanf_float -Wl,--start-group -lc -lm -Wl,--end-group
Finished building target: KalmanFilter.elf
 
arm-none-eabi-size   KalmanFilter.elf 
arm-none-eabi-objdump -h -S  KalmanFilter.elf  > "KalmanFilter.list"
   text	   data	    bss	    dec	    hex	filename
  47356	    768	   2520	  50644	   c5d4	KalmanFilter.elf
Finished building: default.size.stdout
 
Finished building: KalmanFilter.list
 
04:45:20 **** Incremental Build of configuration Debug for project KalmanFilter ****
make -j16 all 
arm-none-eabi-gcc "../Core/Src/main.c" -mcpu=cortex-m4 -std=gnu11 -g3 -DDEBUG -DARM_MATH_MATRIX_CHECK -DUSE_HAL_DRIVER -DSTM32F411xE -c -I../Core/Inc -I../Drivers/STM32F4xx_HAL_Driver/Inc -I../Drivers/STM32F4xx_HAL_Driver/Inc/Legacy -I../Drivers/CMSIS/Device/ST/STM32F4xx/Include -I../Drivers/CMSIS/Include -I../Middlewares/Third_Party/ARM_CMSIS/CMSIS/DSP/Include -I../Middlewares/Third_Party/ARM_CMSIS/CMSIS/Core/Include/ -I../Middlewares/Third_Party/ARM_CMSIS/CMSIS/Core_A/Include/ -O0 -ffunction-sections -fdata-sections -Wall -fstack-usage -MMD -MP -MF"Core/Src/main.d" -MT"Core/Src/main.o" --specs=nano.specs -mfpu=fpv4-sp-d16 -mfloat-abi=hard -mthumb -o "Core/Src/main.o"
../Core/Src/main.c: In function 'main':
../Core/Src/main.c:113:3: warning: implicit declaration of function 'Kalman_Start' [-Wimplicit-function-declaration]
  113 |   Kalman_Start();
      |   ^~~~~~~~~~~~
In file included from ../Core/Inc/stm32f4xx_hal_conf.h:402,
                 from ../Drivers/STM32F4xx_HAL_Driver/Inc/stm32f4xx_hal.h:29,
                 from ../Core/Inc/main.h:30,
                 from ../Core/Src/main.c:20:
../Core/Src/main.c: In function 'setMotor':
../Core/Src/main.c:435:46: warning: implicit declaration of function 'abs' [-Wimplicit-function-declaration]
  435 |   __HAL_TIM_SET_COMPARE(&htim1,TIM_CHANNEL_1,abs(PWM));
      |                                              ^~~
../Drivers/STM32F4xx_HAL_Driver/Inc/stm32f4xx_hal_tim.h:1396:72: note: in definition of macro '__HAL_TIM_SET_COMPARE'
 1396 |   (((__CHANNEL__) == TIM_CHANNEL_1) ? ((__HANDLE__)->Instance->CCR1 = (__COMPARE__)) :\
      |                                                                        ^~~~~~~~~~~
../Core/Src/main.c: In function 'HAL_TIM_PeriodElapsedCallback':
../Core/Src/main.c:450:13: warning: implicit declaration of function 'SteadyStateKalmanFilter' [-Wimplicit-function-declaration]
  450 |    kalman = SteadyStateKalmanFilter(Voltage ,RawSpeed);
      |             ^~~~~~~~~~~~~~~~~~~~~~~
arm-none-eabi-gcc -o "KalmanFilter.elf" @"objects.list"  -l:libarm_cortexM4lf_math.a -mcpu=cortex-m4 -T"C:\FRA222_MICROCONTROLLER\KalmanFilter\STM32F411RETX_FLASH.ld" --specs=nosys.specs -Wl,-Map="KalmanFilter.map" -Wl,--gc-sections -static -L../Middlewares/Third_Party/ARM_CMSIS/CMSIS/DSP/Lib/GCC --specs=nano.specs -mfpu=fpv4-sp-d16 -mfloat-abi=hard -mthumb -u _printf_float -u _scanf_float -Wl,--start-group -lc -lm -Wl,--end-group
Finished building target: KalmanFilter.elf
 
arm-none-eabi-size   KalmanFilter.elf 
arm-none-eabi-objdump -h -S  KalmanFilter.elf  > "KalmanFilter.list"
   text	   data	    bss	    dec	    hex	filename
  47332	    768	   2512	  50612	   c5b4	KalmanFilter.elf
Finished building: default.size.stdout
 
Finished building: KalmanFilter.list
 
04:46:29 **** Incremental Build of configuration Debug for project KalmanFilter ****
make -j16 all 
arm-none-eabi-gcc "../Core/Src/main.c" -mcpu=cortex-m4 -std=gnu11 -g3 -DDEBUG -DARM_MATH_MATRIX_CHECK -DUSE_HAL_DRIVER -DSTM32F411xE -c -I../Core/Inc -I../Drivers/STM32F4xx_HAL_Driver/Inc -I../Drivers/STM32F4xx_HAL_Driver/Inc/Legacy -I../Drivers/CMSIS/Device/ST/STM32F4xx/Include -I../Drivers/CMSIS/Include -I../Middlewares/Third_Party/ARM_CMSIS/CMSIS/DSP/Include -I../Middlewares/Third_Party/ARM_CMSIS/CMSIS/Core/Include/ -I../Middlewares/Third_Party/ARM_CMSIS/CMSIS/Core_A/Include/ -O0 -ffunction-sections -fdata-sections -Wall -fstack-usage -MMD -MP -MF"Core/Src/main.d" -MT"Core/Src/main.o" --specs=nano.specs -mfpu=fpv4-sp-d16 -mfloat-abi=hard -mthumb -o "Core/Src/main.o"
../Core/Src/main.c: In function 'main':
../Core/Src/main.c:113:3: warning: implicit declaration of function 'Kalman_Start' [-Wimplicit-function-declaration]
  113 |   Kalman_Start();
      |   ^~~~~~~~~~~~
In file included from ../Core/Inc/stm32f4xx_hal_conf.h:402,
                 from ../Drivers/STM32F4xx_HAL_Driver/Inc/stm32f4xx_hal.h:29,
                 from ../Core/Inc/main.h:30,
                 from ../Core/Src/main.c:20:
../Core/Src/main.c: In function 'setMotor':
../Core/Src/main.c:435:46: warning: implicit declaration of function 'abs' [-Wimplicit-function-declaration]
  435 |   __HAL_TIM_SET_COMPARE(&htim1,TIM_CHANNEL_1,abs(PWM));
      |                                              ^~~
../Drivers/STM32F4xx_HAL_Driver/Inc/stm32f4xx_hal_tim.h:1396:72: note: in definition of macro '__HAL_TIM_SET_COMPARE'
 1396 |   (((__CHANNEL__) == TIM_CHANNEL_1) ? ((__HANDLE__)->Instance->CCR1 = (__COMPARE__)) :\
      |                                                                        ^~~~~~~~~~~
../Core/Src/main.c: In function 'HAL_TIM_PeriodElapsedCallback':
../Core/Src/main.c:450:4: warning: implicit declaration of function 'SteadyStateKalmanFilter' [-Wimplicit-function-declaration]
  450 |    SteadyStateKalmanFilter(Voltage ,RawSpeed);
      |    ^~~~~~~~~~~~~~~~~~~~~~~
arm-none-eabi-gcc -o "KalmanFilter.elf" @"objects.list"  -l:libarm_cortexM4lf_math.a -mcpu=cortex-m4 -T"C:\FRA222_MICROCONTROLLER\KalmanFilter\STM32F411RETX_FLASH.ld" --specs=nosys.specs -Wl,-Map="KalmanFilter.map" -Wl,--gc-sections -static -L../Middlewares/Third_Party/ARM_CMSIS/CMSIS/DSP/Lib/GCC --specs=nano.specs -mfpu=fpv4-sp-d16 -mfloat-abi=hard -mthumb -u _printf_float -u _scanf_float -Wl,--start-group -lc -lm -Wl,--end-group
Finished building target: KalmanFilter.elf
 
arm-none-eabi-size   KalmanFilter.elf 
arm-none-eabi-objdump -h -S  KalmanFilter.elf  > "KalmanFilter.list"
   text	   data	    bss	    dec	    hex	filename
  47332	    768	   2512	  50612	   c5b4	KalmanFilter.elf
Finished building: default.size.stdout
 
Finished building: KalmanFilter.list
 
04:47:32 **** Incremental Build of configuration Debug for project KalmanFilter ****
make -j16 all 
arm-none-eabi-gcc "../Core/Src/kalman.c" -mcpu=cortex-m4 -std=gnu11 -g3 -DDEBUG -DARM_MATH_MATRIX_CHECK -DUSE_HAL_DRIVER -DSTM32F411xE -c -I../Core/Inc -I../Drivers/STM32F4xx_HAL_Driver/Inc -I../Drivers/STM32F4xx_HAL_Driver/Inc/Legacy -I../Drivers/CMSIS/Device/ST/STM32F4xx/Include -I../Drivers/CMSIS/Include -I../Middlewares/Third_Party/ARM_CMSIS/CMSIS/DSP/Include -I../Middlewares/Third_Party/ARM_CMSIS/CMSIS/Core/Include/ -I../Middlewares/Third_Party/ARM_CMSIS/CMSIS/Core_A/Include/ -O0 -ffunction-sections -fdata-sections -Wall -fstack-usage -MMD -MP -MF"Core/Src/kalman.d" -MT"Core/Src/kalman.o" --specs=nano.specs -mfpu=fpv4-sp-d16 -mfloat-abi=hard -mthumb -o "Core/Src/kalman.o"
../Core/Src/kalman.c: In function 'SteadyStateKalmanFilter':
../Core/Src/kalman.c:177:1: warning: control reaches end of non-void function [-Wreturn-type]
  177 | }
      | ^
arm-none-eabi-gcc -o "KalmanFilter.elf" @"objects.list"  -l:libarm_cortexM4lf_math.a -mcpu=cortex-m4 -T"C:\FRA222_MICROCONTROLLER\KalmanFilter\STM32F411RETX_FLASH.ld" --specs=nosys.specs -Wl,-Map="KalmanFilter.map" -Wl,--gc-sections -static -L../Middlewares/Third_Party/ARM_CMSIS/CMSIS/DSP/Lib/GCC --specs=nano.specs -mfpu=fpv4-sp-d16 -mfloat-abi=hard -mthumb -u _printf_float -u _scanf_float -Wl,--start-group -lc -lm -Wl,--end-group
Finished building target: KalmanFilter.elf
 
arm-none-eabi-size   KalmanFilter.elf 
arm-none-eabi-objdump -h -S  KalmanFilter.elf  > "KalmanFilter.list"
   text	   data	    bss	    dec	    hex	filename
  47316	    768	   2512	  50596	   c5a4	KalmanFilter.elf
Finished building: default.size.stdout
 
Finished building: KalmanFilter.list
 
04:49:11 **** Incremental Build of configuration Debug for project KalmanFilter ****
make -j16 all 
arm-none-eabi-gcc "../Core/Src/kalman.c" -mcpu=cortex-m4 -std=gnu11 -g3 -DDEBUG -DARM_MATH_MATRIX_CHECK -DUSE_HAL_DRIVER -DSTM32F411xE -c -I../Core/Inc -I../Drivers/STM32F4xx_HAL_Driver/Inc -I../Drivers/STM32F4xx_HAL_Driver/Inc/Legacy -I../Drivers/CMSIS/Device/ST/STM32F4xx/Include -I../Drivers/CMSIS/Include -I../Middlewares/Third_Party/ARM_CMSIS/CMSIS/DSP/Include -I../Middlewares/Third_Party/ARM_CMSIS/CMSIS/Core/Include/ -I../Middlewares/Third_Party/ARM_CMSIS/CMSIS/Core_A/Include/ -O0 -ffunction-sections -fdata-sections -Wall -fstack-usage -MMD -MP -MF"Core/Src/kalman.d" -MT"Core/Src/kalman.o" --specs=nano.specs -mfpu=fpv4-sp-d16 -mfloat-abi=hard -mthumb -o "Core/Src/kalman.o"
arm-none-eabi-gcc "../Core/Src/main.c" -mcpu=cortex-m4 -std=gnu11 -g3 -DDEBUG -DARM_MATH_MATRIX_CHECK -DUSE_HAL_DRIVER -DSTM32F411xE -c -I../Core/Inc -I../Drivers/STM32F4xx_HAL_Driver/Inc -I../Drivers/STM32F4xx_HAL_Driver/Inc/Legacy -I../Drivers/CMSIS/Device/ST/STM32F4xx/Include -I../Drivers/CMSIS/Include -I../Middlewares/Third_Party/ARM_CMSIS/CMSIS/DSP/Include -I../Middlewares/Third_Party/ARM_CMSIS/CMSIS/Core/Include/ -I../Middlewares/Third_Party/ARM_CMSIS/CMSIS/Core_A/Include/ -O0 -ffunction-sections -fdata-sections -Wall -fstack-usage -MMD -MP -MF"Core/Src/main.d" -MT"Core/Src/main.o" --specs=nano.specs -mfpu=fpv4-sp-d16 -mfloat-abi=hard -mthumb -o "Core/Src/main.o"
../Core/Src/main.c: In function 'main':
../Core/Src/main.c:113:3: warning: implicit declaration of function 'Kalman_Start' [-Wimplicit-function-declaration]
  113 |   Kalman_Start();
      |   ^~~~~~~~~~~~
In file included from ../Core/Inc/stm32f4xx_hal_conf.h:402,
                 from ../Drivers/STM32F4xx_HAL_Driver/Inc/stm32f4xx_hal.h:29,
                 from ../Core/Inc/main.h:30,
                 from ../Core/Src/main.c:20:
../Core/Src/main.c: In function 'setMotor':
../Core/Src/main.c:435:46: warning: implicit declaration of function 'abs' [-Wimplicit-function-declaration]
  435 |   __HAL_TIM_SET_COMPARE(&htim1,TIM_CHANNEL_1,abs(PWM));
      |                                              ^~~
../Drivers/STM32F4xx_HAL_Driver/Inc/stm32f4xx_hal_tim.h:1396:72: note: in definition of macro '__HAL_TIM_SET_COMPARE'
 1396 |   (((__CHANNEL__) == TIM_CHANNEL_1) ? ((__HANDLE__)->Instance->CCR1 = (__COMPARE__)) :\
      |                                                                        ^~~~~~~~~~~
../Core/Src/main.c: In function 'HAL_TIM_PeriodElapsedCallback':
../Core/Src/main.c:450:4: warning: implicit declaration of function 'SteadyStateKalmanFilter' [-Wimplicit-function-declaration]
  450 |    SteadyStateKalmanFilter(Voltage ,RawSpeed);
      |    ^~~~~~~~~~~~~~~~~~~~~~~
arm-none-eabi-gcc -o "KalmanFilter.elf" @"objects.list"  -l:libarm_cortexM4lf_math.a -mcpu=cortex-m4 -T"C:\FRA222_MICROCONTROLLER\KalmanFilter\STM32F411RETX_FLASH.ld" --specs=nosys.specs -Wl,-Map="KalmanFilter.map" -Wl,--gc-sections -static -L../Middlewares/Third_Party/ARM_CMSIS/CMSIS/DSP/Lib/GCC --specs=nano.specs -mfpu=fpv4-sp-d16 -mfloat-abi=hard -mthumb -u _printf_float -u _scanf_float -Wl,--start-group -lc -lm -Wl,--end-group
Finished building target: KalmanFilter.elf
 
arm-none-eabi-size   KalmanFilter.elf 
arm-none-eabi-objdump -h -S  KalmanFilter.elf  > "KalmanFilter.list"
   text	   data	    bss	    dec	    hex	filename
  47316	    768	   2504	  50588	   c59c	KalmanFilter.elf
Finished building: default.size.stdout
 
Finished building: KalmanFilter.list
 
21:08:00 **** Incremental Build of configuration Debug for project KalmanFilter ****
make -j16 all 
arm-none-eabi-gcc "../Core/Src/kalman.c" -mcpu=cortex-m4 -std=gnu11 -g3 -DDEBUG -DARM_MATH_MATRIX_CHECK -DUSE_HAL_DRIVER -DSTM32F411xE -c -I../Core/Inc -I../Drivers/STM32F4xx_HAL_Driver/Inc -I../Drivers/STM32F4xx_HAL_Driver/Inc/Legacy -I../Drivers/CMSIS/Device/ST/STM32F4xx/Include -I../Drivers/CMSIS/Include -I../Middlewares/Third_Party/ARM_CMSIS/CMSIS/DSP/Include -I../Middlewares/Third_Party/ARM_CMSIS/CMSIS/Core/Include/ -I../Middlewares/Third_Party/ARM_CMSIS/CMSIS/Core_A/Include/ -O0 -ffunction-sections -fdata-sections -Wall -fstack-usage -MMD -MP -MF"Core/Src/kalman.d" -MT"Core/Src/kalman.o" --specs=nano.specs -mfpu=fpv4-sp-d16 -mfloat-abi=hard -mthumb -o "Core/Src/kalman.o"
arm-none-eabi-gcc "../Core/Src/main.c" -mcpu=cortex-m4 -std=gnu11 -g3 -DDEBUG -DARM_MATH_MATRIX_CHECK -DUSE_HAL_DRIVER -DSTM32F411xE -c -I../Core/Inc -I../Drivers/STM32F4xx_HAL_Driver/Inc -I../Drivers/STM32F4xx_HAL_Driver/Inc/Legacy -I../Drivers/CMSIS/Device/ST/STM32F4xx/Include -I../Drivers/CMSIS/Include -I../Middlewares/Third_Party/ARM_CMSIS/CMSIS/DSP/Include -I../Middlewares/Third_Party/ARM_CMSIS/CMSIS/Core/Include/ -I../Middlewares/Third_Party/ARM_CMSIS/CMSIS/Core_A/Include/ -O0 -ffunction-sections -fdata-sections -Wall -fstack-usage -MMD -MP -MF"Core/Src/main.d" -MT"Core/Src/main.o" --specs=nano.specs -mfpu=fpv4-sp-d16 -mfloat-abi=hard -mthumb -o "Core/Src/main.o"
../Core/Src/main.c: In function 'main':
../Core/Src/main.c:113:3: warning: implicit declaration of function 'Kalman_Start' [-Wimplicit-function-declaration]
  113 |   Kalman_Start();
      |   ^~~~~~~~~~~~
In file included from ../Core/Inc/stm32f4xx_hal_conf.h:402,
                 from ../Drivers/STM32F4xx_HAL_Driver/Inc/stm32f4xx_hal.h:29,
                 from ../Core/Inc/main.h:30,
                 from ../Core/Src/main.c:20:
../Core/Src/main.c: In function 'setMotor':
../Core/Src/main.c:435:46: warning: implicit declaration of function 'abs' [-Wimplicit-function-declaration]
  435 |   __HAL_TIM_SET_COMPARE(&htim1,TIM_CHANNEL_1,abs(PWM));
      |                                              ^~~
../Drivers/STM32F4xx_HAL_Driver/Inc/stm32f4xx_hal_tim.h:1396:72: note: in definition of macro '__HAL_TIM_SET_COMPARE'
 1396 |   (((__CHANNEL__) == TIM_CHANNEL_1) ? ((__HANDLE__)->Instance->CCR1 = (__COMPARE__)) :\
      |                                                                        ^~~~~~~~~~~
../Core/Src/main.c: In function 'HAL_TIM_PeriodElapsedCallback':
../Core/Src/main.c:450:13: warning: implicit declaration of function 'SteadyStateKalmanFilter' [-Wimplicit-function-declaration]
  450 |    kalman = SteadyStateKalmanFilter(Voltage ,RawSpeed);
      |             ^~~~~~~~~~~~~~~~~~~~~~~
arm-none-eabi-gcc -o "KalmanFilter.elf" @"objects.list"  -l:libarm_cortexM4lf_math.a -mcpu=cortex-m4 -T"C:\FRA222_MICROCONTROLLER\KalmanFilter\STM32F411RETX_FLASH.ld" --specs=nosys.specs -Wl,-Map="KalmanFilter.map" -Wl,--gc-sections -static -L../Middlewares/Third_Party/ARM_CMSIS/CMSIS/DSP/Lib/GCC --specs=nano.specs -mfpu=fpv4-sp-d16 -mfloat-abi=hard -mthumb -u _printf_float -u _scanf_float -Wl,--start-group -lc -lm -Wl,--end-group
Finished building target: KalmanFilter.elf
 
arm-none-eabi-size   KalmanFilter.elf 
arm-none-eabi-objdump -h -S  KalmanFilter.elf  > "KalmanFilter.list"
   text	   data	    bss	    dec	    hex	filename
  47332	    768	   2512	  50612	   c5b4	KalmanFilter.elf
Finished building: default.size.stdout
 
Finished building: KalmanFilter.list
 
21:08:22 **** Incremental Build of configuration Debug for project KalmanFilter ****
make -j16 all 
arm-none-eabi-size   KalmanFilter.elf 
   text	   data	    bss	    dec	    hex	filename
  47332	    768	   2512	  50612	   c5b4	KalmanFilter.elf
Finished building: default.size.stdout
 
21:08:25 **** Incremental Build of configuration Debug for project KalmanFilter ****
make -j16 all 
arm-none-eabi-size   KalmanFilter.elf 
   text	   data	    bss	    dec	    hex	filename
  47332	    768	   2512	  50612	   c5b4	KalmanFilter.elf
[...]
../Core/Src/main.c: In function 'setMotor':
../Core/Src/main.c:436:46: warning: implicit declaration of function 'abs' [-Wimplicit-function-declaration]
  436 |   __HAL_TIM_SET_COMPARE(&htim1,TIM_CHANNEL_1,abs(PWM));
      |                                              ^~~
../Drivers/STM32F4xx_HAL_Driver/Inc/stm32f4xx_hal_tim.h:1396:72: note: in definition of macro '__HAL_TIM_SET_COMPARE'
 1396 |   (((__CHANNEL__) == TIM_CHANNEL_1) ? ((__HANDLE__)->Instance->CCR1 = (__COMPARE__)) :\
      |                                                                        ^~~~~~~~~~~
arm-none-eabi-gcc -o "KalmanFilter.elf" @"objects.list"  -l:libarm_cortexM4lf_math.a -mcpu=cortex-m4 -T"C:\FRA222_MICROCONTROLLER\KalmanFilter\STM32F411RETX_FLASH.ld" --specs=nosys.specs -Wl,-Map="KalmanFilter.map" -Wl,--gc-sections -static -L../Middlewares/Third_Party/ARM_CMSIS/CMSIS/DSP/Lib/GCC --specs=nano.specs -mfpu=fpv4-sp-d16 -mfloat-abi=hard -mthumb -u _printf_float -u _scanf_float -Wl,--start-group -lc -lm -Wl,--end-group
Finished building target: KalmanFilter.elf
 
arm-none-eabi-size   KalmanFilter.elf 
arm-none-eabi-objdump -h -S  KalmanFilter.elf  > "KalmanFilter.list"
   text	   data	    bss	    dec	    hex	filename
  47316	    768	   2512	  50596	   c5a4	KalmanFilter.elf
Finished building: default.size.stdout
 
Finished building: KalmanFilter.list
 
21:24:48 **** Incremental Build of configuration Debug for project KalmanFilter ****
make -j16 all 
arm-none-eabi-size   KalmanFilter.elf 
   text	   data	    bss	    dec	    hex	filename
  47316	    768	   2512	  50596	   c5a4	KalmanFilter.elf
Finished building: default.size.stdout
 
21:26:02 **** Incremental Build of configuration Debug for project KalmanFilter ****
make -j16 all 
arm-none-eabi-gcc "../Core/Src/main.c" -mcpu=cortex-m4 -std=gnu11 -g3 -DDEBUG -DARM_MATH_MATRIX_CHECK -DUSE_HAL_DRIVER -DSTM32F411xE -c -I../Core/Inc -I../Drivers/STM32F4xx_HAL_Driver/Inc -I../Drivers/STM32F4xx_HAL_Driver/Inc/Legacy -I../Drivers/CMSIS/Device/ST/STM32F4xx/Include -I../Drivers/CMSIS/Include -I../Middlewares/Third_Party/ARM_CMSIS/CMSIS/DSP/Include -I../Middlewares/Third_Party/ARM_CMSIS/CMSIS/Core/Include/ -I../Middlewares/Third_Party/ARM_CMSIS/CMSIS/Core_A/Include/ -O0 -ffunction-sections -fdata-sections -Wall -fstack-usage -MMD -MP -MF"Core/Src/main.d" -MT"Core/Src/main.o" --specs=nano.specs -mfpu=fpv4-sp-d16 -mfloat-abi=hard -mthumb -o "Core/Src/main.o"
In file included from ../Core/Inc/stm32f4xx_hal_conf.h:402,
                 from ../Drivers/STM32F4xx_HAL_Driver/Inc/stm32f4xx_hal.h:29,
                 from ../Core/Inc/main.h:30,
                 from ../Core/Src/main.c:20:
../Core/Src/main.c: In function 'setMotor':
../Core/Src/main.c:436:46: warning: implicit declaration of function 'abs' [-Wimplicit-function-declaration]
  436 |   __HAL_TIM_SET_COMPARE(&htim1,TIM_CHANNEL_1,abs(PWM));
      |                                              ^~~
../Drivers/STM32F4xx_HAL_Driver/Inc/stm32f4xx_hal_tim.h:1396:72: note: in definition of macro '__HAL_TIM_SET_COMPARE'
 1396 |   (((__CHANNEL__) == TIM_CHANNEL_1) ? ((__HANDLE__)->Instance->CCR1 = (__COMPARE__)) :\
      |                                                                        ^~~~~~~~~~~
../Core/Src/main.c: In function 'HAL_TIM_PeriodElapsedCallback':
../Core/Src/main.c:455:24: warning: conversion lacks type at end of format [-Wformat=]
  455 |    sprintf(TxBuffer,"%.2%.2f\r\n",kalman,RawSpeed);
      |                        ^
../Core/Src/main.c:455:21: warning: too many arguments for format [-Wformat-extra-args]
  455 |    sprintf(TxBuffer,"%.2%.2f\r\n",kalman,RawSpeed);
      |                     ^~~~~~~~~~~~~
arm-none-eabi-gcc -o "KalmanFilter.elf" @"objects.list"  -l:libarm_cortexM4lf_math.a -mcpu=cortex-m4 -T"C:\FRA222_MICROCONTROLLER\KalmanFilter\STM32F411RETX_FLASH.ld" --specs=nosys.specs -Wl,-Map="KalmanFilter.map" -Wl,--gc-sections -static -L../Middlewares/Third_Party/ARM_CMSIS/CMSIS/DSP/Lib/GCC --specs=nano.specs -mfpu=fpv4-sp-d16 -mfloat-abi=hard -mthumb -u _printf_float -u _scanf_float -Wl,--start-group -lc -lm -Wl,--end-group
Finished building target: KalmanFilter.elf
 
arm-none-eabi-size   KalmanFilter.elf 
arm-none-eabi-objdump -h -S  KalmanFilter.elf  > "KalmanFilter.list"
   text	   data	    bss	    dec	    hex	filename
  47348	    768	   2512	  50628	   c5c4	KalmanFilter.elf
Finished building: default.size.stdout
 
Finished building: KalmanFilter.list
 
21:27:23 **** Incremental Build of configuration Debug for project KalmanFilter ****
make -j16 all 
arm-none-eabi-gcc "../Core/Src/main.c" -mcpu=cortex-m4 -std=gnu11 -g3 -DDEBUG -DARM_MATH_MATRIX_CHECK -DUSE_HAL_DRIVER -DSTM32F411xE -c -I../Core/Inc -I../Drivers/STM32F4xx_HAL_Driver/Inc -I../Drivers/STM32F4xx_HAL_Driver/Inc/Legacy -I../Drivers/CMSIS/Device/ST/STM32F4xx/Include -I../Drivers/CMSIS/Include -I../Middlewares/Third_Party/ARM_CMSIS/CMSIS/DSP/Include -I../Middlewares/Third_Party/ARM_CMSIS/CMSIS/Core/Include/ -I../Middlewares/Third_Party/ARM_CMSIS/CMSIS/Core_A/Include/ -O0 -ffunction-sections -fdata-sections -Wall -fstack-usage -MMD -MP -MF"Core/Src/main.d" -MT"Core/Src/main.o" --specs=nano.specs -mfpu=fpv4-sp-d16 -mfloat-abi=hard -mthumb -o "Core/Src/main.o"
In file included from ../Core/Inc/stm32f4xx_hal_conf.h:402,
                 from ../Drivers/STM32F4xx_HAL_Driver/Inc/stm32f4xx_hal.h:29,
                 from ../Core/Inc/main.h:30,
                 from ../Core/Src/main.c:20:
../Core/Src/main.c: In function 'setMotor':
../Core/Src/main.c:436:46: warning: implicit declaration of function 'abs' [-Wimplicit-function-declaration]
  436 |   __HAL_TIM_SET_COMPARE(&htim1,TIM_CHANNEL_1,abs(PWM));
      |                                              ^~~
../Drivers/STM32F4xx_HAL_Driver/Inc/stm32f4xx_hal_tim.h:1396:72: note: in definition of macro '__HAL_TIM_SET_COMPARE'
 1396 |   (((__CHANNEL__) == TIM_CHANNEL_1) ? ((__HANDLE__)->Instance->CCR1 = (__COMPARE__)) :\
      |                                                                        ^~~~~~~~~~~
arm-none-eabi-gcc -o "KalmanFilter.elf" @"objects.list"  -l:libarm_cortexM4lf_math.a -mcpu=cortex-m4 -T"C:\FRA222_MICROCONTROLLER\KalmanFilter\STM32F411RETX_FLASH.ld" --specs=nosys.specs -Wl,-Map="KalmanFilter.map" -Wl,--gc-sections -static -L../Middlewares/Third_Party/ARM_CMSIS/CMSIS/DSP/Lib/GCC --specs=nano.specs -mfpu=fpv4-sp-d16 -mfloat-abi=hard -mthumb -u _printf_float -u _scanf_float -Wl,--start-group -lc -lm -Wl,--end-group
Finished building target: KalmanFilter.elf
 
arm-none-eabi-size   KalmanFilter.elf 
arm-none-eabi-objdump -h -S  KalmanFilter.elf  > "KalmanFilter.list"
   text	   data	    bss	    dec	    hex	filename
  47348	    768	   2512	  50628	   c5c4	KalmanFilter.elf
Finished building: default.size.stdout
 
Finished building: KalmanFilter.list
 
21:28:39 **** Incremental Build of configuration Debug for project KalmanFilter ****
make -j16 all 
arm-none-eabi-gcc "../Core/Src/kalman.c" -mcpu=cortex-m4 -std=gnu11 -g3 -DDEBUG -DARM_MATH_MATRIX_CHECK -DUSE_HAL_DRIVER -DSTM32F411xE -c -I../Core/Inc -I../Drivers/STM32F4xx_HAL_Driver/Inc -I../Drivers/STM32F4xx_HAL_Driver/Inc/Legacy -I../Drivers/CMSIS/Device/ST/STM32F4xx/Include -I../Drivers/CMSIS/Include -I../Middlewares/Third_Party/ARM_CMSIS/CMSIS/DSP/Include -I../Middlewares/Third_Party/ARM_CMSIS/CMSIS/Core/Include/ -I../Middlewares/Third_Party/ARM_CMSIS/CMSIS/Core_A/Include/ -O0 -ffunction-sections -fdata-sections -Wall -fstack-usage -MMD -MP -MF"Core/Src/kalman.d" -MT"Core/Src/kalman.o" --specs=nano.specs -mfpu=fpv4-sp-d16 -mfloat-abi=hard -mthumb -o "Core/Src/kalman.o"
arm-none-eabi-gcc -o "KalmanFilter.elf" @"objects.list"  -l:libarm_cortexM4lf_math.a -mcpu=cortex-m4 -T"C:\FRA222_MICROCONTROLLER\KalmanFilter\STM32F411RETX_FLASH.ld" --specs=nosys.specs -Wl,-Map="KalmanFilter.map" -Wl,--gc-sections -static -L../Middlewares/Third_Party/ARM_CMSIS/CMSIS/DSP/Lib/GCC --specs=nano.specs -mfpu=fpv4-sp-d16 -mfloat-abi=hard -mthumb -u _printf_float -u _scanf_float -Wl,--start-group -lc -lm -Wl,--end-group
Finished building target: KalmanFilter.elf
 
arm-none-eabi-size   KalmanFilter.elf 
arm-none-eabi-objdump -h -S  KalmanFilter.elf  > "KalmanFilter.list"
   text	   data	    bss	    dec	    hex	filename
  47348	    768	   2512	  50628	   c5c4	KalmanFilter.elf
Finished building: default.size.stdout
 
Finished building: KalmanFilter.list
 
21:30:34 **** Incremental Build of configuration Debug for project KalmanFilter ****
make -j16 all 
arm-none-eabi-gcc "../Core/Src/kalman.c" -mcpu=cortex-m4 -std=gnu11 -g3 -DDEBUG -DARM_MATH_MATRIX_CHECK -DUSE_HAL_DRIVER -DSTM32F411xE -c -I../Core/Inc -I../Drivers/STM32F4xx_HAL_Driver/Inc -I../Drivers/STM32F4xx_HAL_Driver/Inc/Legacy -I../Drivers/CMSIS/Device/ST/STM32F4xx/Include -I../Drivers/CMSIS/Include -I../Middlewares/Third_Party/ARM_CMSIS/CMSIS/DSP/Include -I../Middlewares/Third_Party/ARM_CMSIS/CMSIS/Core/Include/ -I../Middlewares/Third_Party/ARM_CMSIS/CMSIS/Core_A/Include/ -O0 -ffunction-sections -fdata-sections -Wall -fstack-usage -MMD -MP -MF"Core/Src/kalman.d" -MT"Core/Src/kalman.o" --specs=nano.specs -mfpu=fpv4-sp-d16 -mfloat-abi=hard -mthumb -o "Core/Src/kalman.o"
arm-none-eabi-gcc -o "KalmanFilter.elf" @"objects.list"  -l:libarm_cortexM4lf_math.a -mcpu=cortex-m4 -T"C:\FRA222_MICROCONTROLLER\KalmanFilter\STM32F411RETX_FLASH.ld" --specs=nosys.specs -Wl,-Map="KalmanFilter.map" -Wl,--gc-sections -static -L../Middlewares/Third_Party/ARM_CMSIS/CMSIS/DSP/Lib/GCC --specs=nano.specs -mfpu=fpv4-sp-d16 -mfloat-abi=hard -mthumb -u _printf_float -u _scanf_float -Wl,--start-group -lc -lm -Wl,--end-group
Finished building target: KalmanFilter.elf
 
arm-none-eabi-size   KalmanFilter.elf 
arm-none-eabi-objdump -h -S  KalmanFilter.elf  > "KalmanFilter.list"
   text	   data	    bss	    dec	    hex	filename
  47348	    768	   2512	  50628	   c5c4	KalmanFilter.elf
Finished building: default.size.stdout
 
Finished building: KalmanFilter.list
 
21:31:46 **** Incremental Build of configuration Debug for project KalmanFilter ****
make -j16 all 
arm-none-eabi-gcc "../Core/Src/kalman.c" -mcpu=cortex-m4 -std=gnu11 -g3 -DDEBUG -DARM_MATH_MATRIX_CHECK -DUSE_HAL_DRIVER -DSTM32F411xE -c -I../Core/Inc -I../Drivers/STM32F4xx_HAL_Driver/Inc -I../Drivers/STM32F4xx_HAL_Driver/Inc/Legacy -I../Drivers/CMSIS/Device/ST/STM32F4xx/Include -I../Drivers/CMSIS/Include -I../Middlewares/Third_Party/ARM_CMSIS/CMSIS/DSP/Include -I../Middlewares/Third_Party/ARM_CMSIS/CMSIS/Core/Include/ -I../Middlewares/Third_Party/ARM_CMSIS/CMSIS/Core_A/Include/ -O0 -ffunction-sections -fdata-sections -Wall -fstack-usage -MMD -MP -MF"Core/Src/kalman.d" -MT"Core/Src/kalman.o" --specs=nano.specs -mfpu=fpv4-sp-d16 -mfloat-abi=hard -mthumb -o "Core/Src/kalman.o"
arm-none-eabi-gcc -o "KalmanFilter.elf" @"objects.list"  -l:libarm_cortexM4lf_math.a -mcpu=cortex-m4 -T"C:\FRA222_MICROCONTROLLER\KalmanFilter\STM32F411RETX_FLASH.ld" --specs=nosys.specs -Wl,-Map="KalmanFilter.map" -Wl,--gc-sections -static -L../Middlewares/Third_Party/ARM_CMSIS/CMSIS/DSP/Lib/GCC --specs=nano.specs -mfpu=fpv4-sp-d16 -mfloat-abi=hard -mthumb -u _printf_float -u _scanf_float -Wl,--start-group -lc -lm -Wl,--end-group
Finished building target: KalmanFilter.elf
 
arm-none-eabi-size   KalmanFilter.elf 
arm-none-eabi-objdump -h -S  KalmanFilter.elf  > "KalmanFilter.list"
   text	   data	    bss	    dec	    hex	filename
  47348	    768	   2512	  50628	   c5c4	KalmanFilter.elf
Finished building: default.size.stdout
 
Finished building: KalmanFilter.list
 
21:36:43 **** Incremental Build of configuration Debug for project KalmanFilter ****
make -j16 all 
arm-none-eabi-gcc "../Core/Src/kalman.c" -mcpu=cortex-m4 -std=gnu11 -g3 -DDEBUG -DARM_MATH_MATRIX_CHECK -DUSE_HAL_DRIVER -DSTM32F411xE -c -I../Core/Inc -I../Drivers/STM32F4xx_HAL_Driver/Inc -I../Drivers/STM32F4xx_HAL_Driver/Inc/Legacy -I../Drivers/CMSIS/Device/ST/STM32F4xx/Include -I../Drivers/CMSIS/Include -I../Middlewares/Third_Party/ARM_CMSIS/CMSIS/DSP/Include -I../Middlewares/Third_Party/ARM_CMSIS/CMSIS/Core/Include/ -I../Middlewares/Third_Party/ARM_CMSIS/CMSIS/Core_A/Include/ -O0 -ffunction-sections -fdata-sections -Wall -fstack-usage -MMD -MP -MF"Core/Src/kalman.d" -MT"Core/Src/kalman.o" --specs=nano.specs -mfpu=fpv4-sp-d16 -mfloat-abi=hard -mthumb -o "Core/Src/kalman.o"
arm-none-eabi-gcc "../Core/Src/main.c" -mcpu=cortex-m4 -std=gnu11 -g3 -DDEBUG -DARM_MATH_MATRIX_CHECK -DUSE_HAL_DRIVER -DSTM32F411xE -c -I../Core/Inc -I../Drivers/STM32F4xx_HAL_Driver/Inc -I../Drivers/STM32F4xx_HAL_Driver/Inc/Legacy -I../Drivers/CMSIS/Device/ST/STM32F4xx/Include -I../Drivers/CMSIS/Include -I../Middlewares/Third_Party/ARM_CMSIS/CMSIS/DSP/Include -I../Middlewares/Third_Party/ARM_CMSIS/CMSIS/Core/Include/ -I../Middlewares/Third_Party/ARM_CMSIS/CMSIS/Core_A/Include/ -O0 -ffunction-sections -fdata-sections -Wall -fstack-usage -MMD -MP -MF"Core/Src/main.d" -MT"Core/Src/main.o" --specs=nano.specs -mfpu=fpv4-sp-d16 -mfloat-abi=hard -mthumb -o "Core/Src/main.o"
In file included from ../Core/Inc/stm32f4xx_hal_conf.h:402,
                 from ../Drivers/STM32F4xx_HAL_Driver/Inc/stm32f4xx_hal.h:29,
                 from ../Core/Inc/main.h:30,
                 from ../Core/Src/main.c:20:
../Core/Src/main.c: In function 'setMotor':
../Core/Src/main.c:436:46: warning: implicit declaration of function 'abs' [-Wimplicit-function-declaration]
  436 |   __HAL_TIM_SET_COMPARE(&htim1,TIM_CHANNEL_1,abs(PWM));
      |                                              ^~~
../Drivers/STM32F4xx_HAL_Driver/Inc/stm32f4xx_hal_tim.h:1396:72: note: in definition of macro '__HAL_TIM_SET_COMPARE'
 1396 |   (((__CHANNEL__) == TIM_CHANNEL_1) ? ((__HANDLE__)->Instance->CCR1 = (__COMPARE__)) :\
      |                                                                        ^~~~~~~~~~~
arm-none-eabi-gcc -o "KalmanFilter.elf" @"objects.list"  -l:libarm_cortexM4lf_math.a -mcpu=cortex-m4 -T"C:\FRA222_MICROCONTROLLER\KalmanFilter\STM32F411RETX_FLASH.ld" --specs=nosys.specs -Wl,-Map="KalmanFilter.map" -Wl,--gc-sections -static -L../Middlewares/Third_Party/ARM_CMSIS/CMSIS/DSP/Lib/GCC --specs=nano.specs -mfpu=fpv4-sp-d16 -mfloat-abi=hard -mthumb -u _printf_float -u _scanf_float -Wl,--start-group -lc -lm -Wl,--end-group
Finished building target: KalmanFilter.elf
 
arm-none-eabi-size   KalmanFilter.elf 
arm-none-eabi-objdump -h -S  KalmanFilter.elf  > "KalmanFilter.list"
   text	   data	    bss	    dec	    hex	filename
  47348	    768	   2512	  50628	   c5c4	KalmanFilter.elf
Finished building: default.size.stdout
 
Finished building: KalmanFilter.list
 
21:38:08 **** Incremental Build of configuration Debug for project KalmanFilter ****
make -j16 all 
arm-none-eabi-gcc "../Core/Src/kalman.c" -mcpu=cortex-m4 -std=gnu11 -g3 -DDEBUG -DARM_MATH_MATRIX_CHECK -DUSE_HAL_DRIVER -DSTM32F411xE -c -I../Core/Inc -I../Drivers/STM32F4xx_HAL_Driver/Inc -I../Drivers/STM32F4xx_HAL_Driver/Inc/Legacy -I../Drivers/CMSIS/Device/ST/STM32F4xx/Include -I../Drivers/CMSIS/Include -I../Middlewares/Third_Party/ARM_CMSIS/CMSIS/DSP/Include -I../Middlewares/Third_Party/ARM_CMSIS/CMSIS/Core/Include/ -I../Middlewares/Third_Party/ARM_CMSIS/CMSIS/Core_A/Include/ -O0 -ffunction-sections -fdata-sections -Wall -fstack-usage -MMD -MP -MF"Core/Src/kalman.d" -MT"Core/Src/kalman.o" --specs=nano.specs -mfpu=fpv4-sp-d16 -mfloat-abi=hard -mthumb -o "Core/Src/kalman.o"
arm-none-eabi-gcc -o "KalmanFilter.elf" @"objects.list"  -l:libarm_cortexM4lf_math.a -mcpu=cortex-m4 -T"C:\FRA222_MICROCONTROLLER\KalmanFilter\STM32F411RETX_FLASH.ld" --specs=nosys.specs -Wl,-Map="KalmanFilter.map" -Wl,--gc-sections -static -L../Middlewares/Third_Party/ARM_CMSIS/CMSIS/DSP/Lib/GCC --specs=nano.specs -mfpu=fpv4-sp-d16 -mfloat-abi=hard -mthumb -u _printf_float -u _scanf_float -Wl,--start-group -lc -lm -Wl,--end-group
Finished building target: KalmanFilter.elf
 
arm-none-eabi-size   KalmanFilter.elf 
arm-none-eabi-objdump -h -S  KalmanFilter.elf  > "KalmanFilter.list"
   text	   data	    bss	    dec	    hex	filename
  47348	    768	   2512	  50628	   c5c4	KalmanFilter.elf
Finished building: default.size.stdout
 
Finished building: KalmanFilter.list
 
21:39:38 **** Incremental Build of configuration Debug for project KalmanFilter ****
make -j16 all 
arm-none-eabi-gcc "../Core/Src/kalman.c" -mcpu=cortex-m4 -std=gnu11 -g3 -DDEBUG -DARM_MATH_MATRIX_CHECK -DUSE_HAL_DRIVER -DSTM32F411xE -c -I../Core/Inc -I../Drivers/STM32F4xx_HAL_Driver/Inc -I../Drivers/STM32F4xx_HAL_Driver/Inc/Legacy -I../Drivers/CMSIS/Device/ST/STM32F4xx/Include -I../Drivers/CMSIS/Include -I../Middlewares/Third_Party/ARM_CMSIS/CMSIS/DSP/Include -I../Middlewares/Third_Party/ARM_CMSIS/CMSIS/Core/Include/ -I../Middlewares/Third_Party/ARM_CMSIS/CMSIS/Core_A/Include/ -O0 -ffunction-sections -fdata-sections -Wall -fstack-usage -MMD -MP -MF"Core/Src/kalman.d" -MT"Core/Src/kalman.o" --specs=nano.specs -mfpu=fpv4-sp-d16 -mfloat-abi=hard -mthumb -o "Core/Src/kalman.o"
arm-none-eabi-gcc -o "KalmanFilter.elf" @"objects.list"  -l:libarm_cortexM4lf_math.a -mcpu=cortex-m4 -T"C:\FRA222_MICROCONTROLLER\KalmanFilter\STM32F411RETX_FLASH.ld" --specs=nosys.specs -Wl,-Map="KalmanFilter.map" -Wl,--gc-sections -static -L../Middlewares/Third_Party/ARM_CMSIS/CMSIS/DSP/Lib/GCC --specs=nano.specs -mfpu=fpv4-sp-d16 -mfloat-abi=hard -mthumb -u _printf_float -u _scanf_float -Wl,--start-group -lc -lm -Wl,--end-group
Finished building target: KalmanFilter.elf
 
arm-none-eabi-size   KalmanFilter.elf 
arm-none-eabi-objdump -h -S  KalmanFilter.elf  > "KalmanFilter.list"
   text	   data	    bss	    dec	    hex	filename
  47348	    768	   2512	  50628	   c5c4	KalmanFilter.elf
Finished building: default.size.stdout
 
Finished building: KalmanFilter.list
 
22:02:31 **** Incremental Build of configuration Debug for project KalmanFilter ****
make -j16 all 
arm-none-eabi-gcc "../Core/Src/main.c" -mcpu=cortex-m4 -std=gnu11 -g3 -DDEBUG -DARM_MATH_MATRIX_CHECK -DUSE_HAL_DRIVER -DSTM32F411xE -c -I../Core/Inc -I../Drivers/STM32F4xx_HAL_Driver/Inc -I../Drivers/STM32F4xx_HAL_Driver/Inc/Legacy -I../Drivers/CMSIS/Device/ST/STM32F4xx/Include -I../Drivers/CMSIS/Include -I../Middlewares/Third_Party/ARM_CMSIS/CMSIS/DSP/Include -I../Middlewares/Third_Party/ARM_CMSIS/CMSIS/Core/Include/ -I../Middlewares/Third_Party/ARM_CMSIS/CMSIS/Core_A/Include/ -O0 -ffunction-sections -fdata-sections -Wall -fstack-usage -MMD -MP -MF"Core/Src/main.d" -MT"Core/Src/main.o" --specs=nano.specs -mfpu=fpv4-sp-d16 -mfloat-abi=hard -mthumb -o "Core/Src/main.o"
In file included from ../Core/Inc/stm32f4xx_hal_conf.h:402,
                 from ../Drivers/STM32F4xx_HAL_Driver/Inc/stm32f4xx_hal.h:29,
                 from ../Core/Inc/main.h:30,
                 from ../Core/Src/main.c:20:
../Core/Src/main.c: In function 'setMotor':
../Core/Src/main.c:436:46: warning: implicit declaration of function 'abs' [-Wimplicit-function-declaration]
  436 |   __HAL_TIM_SET_COMPARE(&htim1,TIM_CHANNEL_1,abs(PWM));
      |                                              ^~~
../Drivers/STM32F4xx_HAL_Driver/Inc/stm32f4xx_hal_tim.h:1396:72: note: in definition of macro '__HAL_TIM_SET_COMPARE'
 1396 |   (((__CHANNEL__) == TIM_CHANNEL_1) ? ((__HANDLE__)->Instance->CCR1 = (__COMPARE__)) :\
      |                                                                        ^~~~~~~~~~~
arm-none-eabi-gcc -o "KalmanFilter.elf" @"objects.list"  -l:libarm_cortexM4lf_math.a -mcpu=cortex-m4 -T"C:\FRA222_MICROCONTROLLER\KalmanFilter\STM32F411RETX_FLASH.ld" --specs=nosys.specs -Wl,-Map="KalmanFilter.map" -Wl,--gc-sections -static -L../Middlewares/Third_Party/ARM_CMSIS/CMSIS/DSP/Lib/GCC --specs=nano.specs -mfpu=fpv4-sp-d16 -mfloat-abi=hard -mthumb -u _printf_float -u _scanf_float -Wl,--start-group -lc -lm -Wl,--end-group
Finished building target: KalmanFilter.elf
 
arm-none-eabi-size   KalmanFilter.elf 
arm-none-eabi-objdump -h -S  KalmanFilter.elf  > "KalmanFilter.list"
   text	   data	    bss	    dec	    hex	filename
  42556	    768	   2512	  45836	   b30c	KalmanFilter.elf
Finished building: default.size.stdout
 
Finished building: KalmanFilter.list
 
