21:14:13 **** Incremental Build of configuration Debug for project LAB5_UART ****
make -j16 all 
arm-none-eabi-gcc "../Core/Src/main.c" -mcpu=cortex-m4 -std=gnu11 -g3 -DDEBUG -DUSE_HAL_DRIVER -DSTM32F411xE -c -I../Core/Inc -I../Drivers/STM32F4xx_HAL_Driver/Inc -I../Drivers/STM32F4xx_HAL_Driver/Inc/Legacy -I../Drivers/CMSIS/Device/ST/STM32F4xx/Include -I../Drivers/CMSIS/Include -O0 -ffunction-sections -fdata-sections -Wall -fstack-usage -MMD -MP -MF"Core/Src/main.d" -MT"Core/Src/main.o" --specs=nano.specs -mfpu=fpv4-sp-d16 -mfloat-abi=hard -mthumb -o "Core/Src/main.o"
../Core/Src/main.c: In function 'main':
../Core/Src/main.c:116:4: warning: implicit declaration of function 'DummyTask' [-Wimplicit-function-declaration]
  116 |    DummyTask();
      |    ^~~~~~~~~
../Core/Src/main.c: In function 'HAL_UART_RxCpltCallback':
../Core/Src/main.c:264:5: warning: implicit declaration of function 'sprintf' [-Wimplicit-function-declaration]
  264 |     sprintf((char*)TxBuffer,"LED[a(+),s(-),d(O/C),x(back)] : %s\r\n",RxBuffer);
      |     ^~~~~~~
../Core/Src/main.c:264:5: warning: incompatible implicit declaration of built-in function 'sprintf'
../Core/Src/main.c:21:1: note: include '<stdio.h>' or provide a declaration of 'sprintf'
   20 | #include "main.h"
  +++ |+#include <stdio.h>
   21 | 
../Core/Src/main.c:265:46: warning: implicit declaration of function 'strlen' [-Wimplicit-function-declaration]
  265 |     HAL_UART_Transmit_DMA(&huart2, TxBuffer, strlen((char*)TxBuffer));
      |                                              ^~~~~~
../Core/Src/main.c:265:46: warning: incompatible implicit declaration of built-in function 'strlen'
../Core/Src/main.c:21:1: note: include '<string.h>' or provide a declaration of 'strlen'
   20 | #include "main.h"
  +++ |+#include <string.h>
   21 | 
../Core/Src/main.c:271:5: warning: incompatible implicit declaration of built-in function 'sprintf'
  271 |     sprintf((char*)TxBuffer,"BUTT[x (Back)] : %s\r\n",RxBuffer);
      |     ^~~~~~~
../Core/Src/main.c:271:5: note: include '<stdio.h>' or provide a declaration of 'sprintf'
../Core/Src/main.c:272:46: warning: incompatible implicit declaration of built-in function 'strlen'
  272 |     HAL_UART_Transmit_DMA(&huart2, TxBuffer, strlen((char*)TxBuffer));
      |                                              ^~~~~~
../Core/Src/main.c:272:46: note: include '<string.h>' or provide a declaration of 'strlen'
../Core/Src/main.c:278:5: warning: incompatible implicit declaration of built-in function 'sprintf'
  278 |     sprintf((char*)TxBuffer,"SELECT MENU [0(LED),1(BUTT)] : %s\r\n",RxBuffer);
      |     ^~~~~~~
../Core/Src/main.c:278:5: note: include '<stdio.h>' or provide a declaration of 'sprintf'
../Core/Src/main.c:279:46: warning: incompatible implicit declaration of built-in function 'strlen'
  279 |     HAL_UART_Transmit_DMA(&huart2, TxBuffer, strlen((char*)TxBuffer));
      |                                              ^~~~~~
../Core/Src/main.c:279:46: note: include '<string.h>' or provide a declaration of 'strlen'
../Core/Src/main.c:288:5: warning: incompatible implicit declaration of built-in function 'sprintf'
  288 |     sprintf((char*)TxBuffer,"Frequency : %d\r\n",i_freq);
      |     ^~~~~~~
../Core/Src/main.c:288:5: note: include '<stdio.h>' or provide a declaration of 'sprintf'
../Core/Src/main.c:289:46: warning: incompatible implicit declaration of built-in function 'strlen'
  289 |     HAL_UART_Transmit_DMA(&huart2, TxBuffer, strlen((char*)TxBuffer));
      |                                              ^~~~~~
../Core/Src/main.c:289:46: note: include '<string.h>' or provide a declaration of 'strlen'
../Core/Src/main.c:296:5: warning: incompatible implicit declaration of built-in function 'sprintf'
  296 |     sprintf((char*)TxBuffer,"Frequency : %d\r\n",i_freq);
      |     ^~~~~~~
../Core/Src/main.c:296:5: note: include '<stdio.h>' or provide a declaration of 'sprintf'
../Core/Src/main.c:297:46: warning: incompatible implicit declaration of built-in function 'strlen'
  297 |     HAL_UART_Transmit_DMA(&huart2, TxBuffer, strlen((char*)TxBuffer));
      |                                              ^~~~~~
../Core/Src/main.c:297:46: note: include '<string.h>' or provide a declaration of 'strlen'
../Core/Src/main.c:302:6: warning: incompatible implicit declaration of built-in function 'sprintf'
  302 |      sprintf((char*)TxBuffer,"LED ON : %u\r\n",flag);
      |      ^~~~~~~
../Core/Src/main.c:302:6: note: include '<stdio.h>' or provide a declaration of 'sprintf'
../Core/Src/main.c:306:6: warning: incompatible implicit declaration of built-in function 'sprintf'
  306 |      sprintf((char*)TxBuffer,"LED OFF : %u\r\n",flag);
      |      ^~~~~~~
../Core/Src/main.c:306:6: note: include '<stdio.h>' or provide a declaration of 'sprintf'
../Core/Src/main.c:308:46: warning: incompatible implicit declaration of built-in function 'strlen'
  308 |     HAL_UART_Transmit_DMA(&huart2, TxBuffer, strlen((char*)TxBuffer));
      |                                              ^~~~~~
../Core/Src/main.c:308:46: note: include '<string.h>' or provide a declaration of 'strlen'
../Core/Src/main.c:311:5: warning: incompatible implicit declaration of built-in function 'sprintf'
  311 |     sprintf((char*)TxBuffer,"SELECT MENU [0(LED),1(BUTT)] : \r\n",RxBuffer);
      |     ^~~~~~~
../Core/Src/main.c:311:5: note: include '<stdio.h>' or provide a declaration of 'sprintf'
../Core/Src/main.c:311:29: warning: too many arguments for format [-Wformat-extra-args]
  311 |     sprintf((char*)TxBuffer,"SELECT MENU [0(LED),1(BUTT)] : \r\n",RxBuffer);
      |                             ^~~~~~~~~~~~~~~~~~~~~~~~~~~~~~~~~~~~~
../Core/Src/main.c:312:46: warning: incompatible implicit declaration of built-in function 'strlen'
  312 |     HAL_UART_Transmit_DMA(&huart2, TxBuffer, strlen((char*)TxBuffer));
      |                                              ^~~~~~
../Core/Src/main.c:312:46: note: include '<string.h>' or provide a declaration of 'strlen'
../Core/Src/main.c:316:5: warning: incompatible implicit declaration of built-in function 'sprintf'
  316 |     sprintf((char*)TxBuffer,"LED[a(+),s(-),d(O/C),x(back)] : %s\r\n",RxBuffer);
      |     ^~~~~~~
../Core/Src/main.c:316:5: note: include '<stdio.h>' or provide a declaration of 'sprintf'
../Core/Src/main.c:317:46: warning: incompatible implicit declaration of built-in function 'strlen'
  317 |     HAL_UART_Transmit_DMA(&huart2, TxBuffer, strlen((char*)TxBuffer));
      |                                              ^~~~~~
../Core/Src/main.c:317:46: note: include '<string.h>' or provide a declaration of 'strlen'
../Core/Src/main.c:323:5: warning: incompatible implicit declaration of built-in function 'sprintf'
  323 |     sprintf((char*)TxBuffer,"SELECT MENU [0(LED),1(BUTT)] : \r\n",RxBuffer);
      |     ^~~~~~~
../Core/Src/main.c:323:5: note: include '<stdio.h>' or provide a declaration of 'sprintf'
../Core/Src/main.c:323:29: warning: too many arguments for format [-Wformat-extra-args]
  323 |     sprintf((char*)TxBuffer,"SELECT MENU [0(LED),1(BUTT)] : \r\n",RxBuffer);
      |                             ^~~~~~~~~~~~~~~~~~~~~~~~~~~~~~~~~~~~~
../Core/Src/main.c:324:46: warning: incompatible implicit declaration of built-in function 'strlen'
  324 |     HAL_UART_Transmit_DMA(&huart2, TxBuffer, strlen((char*)TxBuffer));
      |                                              ^~~~~~
../Core/Src/main.c:324:46: note: include '<string.h>' or provide a declaration of 'strlen'
../Core/Src/main.c:328:5: warning: incompatible implicit declaration of built-in function 'sprintf'
  328 |     sprintf((char*)TxBuffer,"BUTTON [x(back)] : %s\r\n",RxBuffer);
      |     ^~~~~~~
../Core/Src/main.c:328:5: note: include '<stdio.h>' or provide a declaration of 'sprintf'
../Core/Src/main.c:329:46: warning: incompatible implicit declaration of built-in function 'strlen'
  329 |     HAL_UART_Transmit_DMA(&huart2, TxBuffer, strlen((char*)TxBuffer));
      |                                              ^~~~~~
../Core/Src/main.c:329:46: note: include '<string.h>' or provide a declaration of 'strlen'
../Core/Src/main.c: At top level:
../Core/Src/main.c:341:6: warning: conflicting types for 'DummyTask'
  341 | void DummyTask()
      |      ^~~~~~~~~
../Core/Src/main.c:116:4: note: previous implicit declaration of 'DummyTask' was here
  116 |    DummyTask();
      |    ^~~~~~~~~
../Core/Src/main.c: In function 'DummyTask':
../Core/Src/main.c:356:5: warning: incompatible implicit declaration of built-in function 'sprintf'
  356 |     sprintf(int_str, "ON\r\n", status);
      |     ^~~~~~~
../Core/Src/main.c:356:5: note: include '<stdio.h>' or provide a declaration of 'sprintf'
../Core/Src/main.c:356:22: warning: too many arguments for format [-Wformat-extra-args]
  356 |     sprintf(int_str, "ON\r\n", status);
      |                      ^~~~~~~~
../Core/Src/main.c:357:31: warning: pointer targets in passing argument 2 of 'HAL_UART_Transmit' differ in signedness [-Wpointer-sign]
  357 |     HAL_UART_Transmit(&huart2,int_str,5, 10);
      |                               ^~~~~~~
      |                               |
      |                               char *
In file included from ../Core/Inc/stm32f4xx_hal_conf.h:406,
                 from ../Drivers/STM32F4xx_HAL_Driver/Inc/stm32f4xx_hal.h:29,
                 from ../Core/Inc/main.h:30,
                 from ../Core/Src/main.c:20:
../Drivers/STM32F4xx_HAL_Driver/Inc/stm32f4xx_hal_uart.h:722:79: note: expected 'const uint8_t *' {aka 'const unsigned char *'} but argument is of type 'char *'
  722 | HAL_StatusTypeDef HAL_UART_Transmit(UART_HandleTypeDef *huart, const uint8_t *pData, uint16_t Size, uint32_t Timeout);
      |                                                                ~~~~~~~~~~~~~~~^~~~~
../Core/Src/main.c:360:5: warning: incompatible implicit declaration of built-in function 'sprintf'
  360 |     sprintf(int_str, "OFF\r\n", status);
      |     ^~~~~~~
../Core/Src/main.c:360:5: note: include '<stdio.h>' or provide a declaration of 'sprintf'
../Core/Src/main.c:360:22: warning: too many arguments for format [-Wformat-extra-args]
  360 |     sprintf(int_str, "OFF\r\n", status);
      |                      ^~~~~~~~~
../Core/Src/main.c:361:31: warning: pointer targets in passing argument 2 of 'HAL_UART_Transmit' differ in signedness [-Wpointer-sign]
  361 |     HAL_UART_Transmit(&huart2,int_str,6, 10);
      |                               ^~~~~~~
      |                               |
      |                               char *
In file included from ../Core/Inc/stm32f4xx_hal_conf.h:406,
                 from ../Drivers/STM32F4xx_HAL_Driver/Inc/stm32f4xx_hal.h:29,
                 from ../Core/Inc/main.h:30,
                 from ../Core/Src/main.c:20:
../Drivers/STM32F4xx_HAL_Driver/Inc/stm32f4xx_hal_uart.h:722:79: note: expected 'const uint8_t *' {aka 'const unsigned char *'} but argument is of type 'char *'
  722 | HAL_StatusTypeDef HAL_UART_Transmit(UART_HandleTypeDef *huart, const uint8_t *pData, uint16_t Size, uint32_t Timeout);
      |                                                                ~~~~~~~~~~~~~~~^~~~~
../Core/Src/main.c: In function 'HAL_UART_RxCpltCallback':
../Core/Src/main.c:328:55: warning: 'sprintf' may write a terminating nul past the end of the destination [-Wformat-overflow=]
  328 |     sprintf((char*)TxBuffer,"BUTTON [x(back)] : %s\r\n",RxBuffer);
      |                                                       ^
../Core/Src/main.c:328:5: note: 'sprintf' output between 22 and 41 bytes into a destination of size 40
  328 |     sprintf((char*)TxBuffer,"BUTTON [x(back)] : %s\r\n",RxBuffer);
      |     ^~~~~~~~~~~~~~~~~~~~~~~~~~~~~~~~~~~~~~~~~~~~~~~~~~~~~~~~~~~~~
../Core/Src/main.c:316:62: warning: '%s' directive writing up to 19 bytes into a region of size 8 [-Wformat-overflow=]
  316 |     sprintf((char*)TxBuffer,"LED[a(+),s(-),d(O/C),x(back)] : %s\r\n",RxBuffer);
      |                                                              ^~      ~~~~~~~~
../Core/Src/main.c:316:5: note: 'sprintf' output between 35 and 54 bytes into a destination of size 40
  316 |     sprintf((char*)TxBuffer,"LED[a(+),s(-),d(O/C),x(back)] : %s\r\n",RxBuffer);
      |     ^~~~~~~~~~~~~~~~~~~~~~~~~~~~~~~~~~~~~~~~~~~~~~~~~~~~~~~~~~~~~~~~~~~~~~~~~~
../Core/Src/main.c:278:61: warning: '%s' directive writing up to 19 bytes into a region of size 9 [-Wformat-overflow=]
  278 |     sprintf((char*)TxBuffer,"SELECT MENU [0(LED),1(BUTT)] : %s\r\n",RxBuffer);
      |                                                             ^~      ~~~~~~~~
../Core/Src/main.c:278:5: note: 'sprintf' output between 34 and 53 bytes into a destination of size 40
  278 |     sprintf((char*)TxBuffer,"SELECT MENU [0(LED),1(BUTT)] : %s\r\n",RxBuffer);
      |     ^~~~~~~~~~~~~~~~~~~~~~~~~~~~~~~~~~~~~~~~~~~~~~~~~~~~~~~~~~~~~~~~~~~~~~~~~
../Core/Src/main.c:264:62: warning: '%s' directive writing up to 19 bytes into a region of size 8 [-Wformat-overflow=]
  264 |     sprintf((char*)TxBuffer,"LED[a(+),s(-),d(O/C),x(back)] : %s\r\n",RxBuffer);
      |                                                              ^~      ~~~~~~~~
../Core/Src/main.c:264:5: note: 'sprintf' output between 35 and 54 bytes into a destination of size 40
  264 |     sprintf((char*)TxBuffer,"LED[a(+),s(-),d(O/C),x(back)] : %s\r\n",RxBuffer);
      |     ^~~~~~~~~~~~~~~~~~~~~~~~~~~~~~~~~~~~~~~~~~~~~~~~~~~~~~~~~~~~~~~~~~~~~~~~~~
arm-none-eabi-gcc -o "LAB5_UART.elf" @"objects.list"   -mcpu=cortex-m4 -T"C:\FRA222_MICROCONTROLLER\LAB5_UART\STM32F411RETX_FLASH.ld" --specs=nosys.specs -Wl,-Map="LAB5_UART.map" -Wl,--gc-sections -static --specs=nano.specs -mfpu=fpv4-sp-d16 -mfloat-abi=hard -mthumb -Wl,--start-group -lc -lm -Wl,--end-group
Finished building target: LAB5_UART.elf
 
arm-none-eabi-size   LAB5_UART.elf 
arm-none-eabi-objdump -h -S  LAB5_UART.elf  > "LAB5_UART.list"
   text	   data	    bss	    dec	    hex	filename
  18304	    132	   1940	  20376	   4f98	LAB5_UART.elf
Finished building: default.size.stdout
 
Finished building: LAB5_UART.list
 

21:14:14 Build Finished. 0 errors, 37 warnings. (took 873ms)

