21:43:14 **** Incremental Build of configuration Debug for project Micros ****
make -j16 all 
arm-none-eabi-gcc "../Core/Src/main.c" -mcpu=cortex-m4 -std=gnu11 -g3 -DDEBUG -DUSE_HAL_DRIVER -DSTM32F411xE -c -I../Core/Inc -I../Drivers/STM32F4xx_HAL_Driver/Inc -I../Drivers/STM32F4xx_HAL_Driver/Inc/Legacy -I../Drivers/CMSIS/Device/ST/STM32F4xx/Include -I../Drivers/CMSIS/Include -O0 -ffunction-sections -fdata-sections -Wall -fstack-usage -MMD -MP -MF"Core/Src/main.d" -MT"Core/Src/main.o" --specs=nano.specs -mfpu=fpv4-sp-d16 -mfloat-abi=hard -mthumb -o "Core/Src/main.o"
../Core/Src/main.c: In function 'HAL_TIM_PeriodElapsedCallback':
../Core/Src/main.c:271:31: warning: suggest parentheses around comparison in operand of '&' [-Wparentheses]
  271 |  if((htim == &htim2) & micros != 0)
      |                        ~~~~~~~^~~~
arm-none-eabi-gcc -o "Micros.elf" @"objects.list"   -mcpu=cortex-m4 -T"C:\FRA222_MICROCONTROLLER\Micros\STM32F411RETX_FLASH.ld" --specs=nosys.specs -Wl,-Map="Micros.map" -Wl,--gc-sections -static --specs=nano.specs -mfpu=fpv4-sp-d16 -mfloat-abi=hard -mthumb -Wl,--start-group -lc -lm -Wl,--end-group
Finished building target: Micros.elf
 
arm-none-eabi-size   Micros.elf 
arm-none-eabi-objdump -h -S  Micros.elf  > "Micros.list"
   text	   data	    bss	    dec	    hex	filename
  10324	     20	   1728	  12072	   2f28	Micros.elf
Finished building: default.size.stdout
 
Finished building: Micros.list
 

21:43:15 Build Finished. 0 errors, 1 warnings. (took 906ms)

