16:40:50 **** Incremental Build of configuration Debug for project PositionControl ****
make -j16 all 
arm-none-eabi-gcc "../Core/Src/main.c" -mcpu=cortex-m4 -std=gnu11 -g3 -DDEBUG -DUSE_HAL_DRIVER -DSTM32F411xE -c -I../Core/Inc -I../Drivers/STM32F4xx_HAL_Driver/Inc -I../Drivers/STM32F4xx_HAL_Driver/Inc/Legacy -I../Drivers/CMSIS/Device/ST/STM32F4xx/Include -I../Drivers/CMSIS/Include -O0 -ffunction-sections -fdata-sections -Wall -fstack-usage -MMD -MP -MF"Core/Src/main.d" -MT"Core/Src/main.o" --specs=nano.specs -mfpu=fpv4-sp-d16 -mfloat-abi=hard -mthumb -o "Core/Src/main.o"
In file included from ../Core/Inc/stm32f4xx_hal_conf.h:402,
                 from ../Drivers/STM32F4xx_HAL_Driver/Inc/stm32f4xx_hal.h:29,
                 from ../Core/Inc/main.h:30,
                 from ../Core/Src/main.c:20:
../Core/Src/main.c: In function 'setMotor':
../Core/Src/main.c:470:46: warning: implicit declaration of function 'abs' [-Wimplicit-function-declaration]
  470 |   __HAL_TIM_SET_COMPARE(&htim1,TIM_CHANNEL_1,abs(PWM));
      |                                              ^~~
../Drivers/STM32F4xx_HAL_Driver/Inc/stm32f4xx_hal_tim.h:1396:72: note: in definition of macro '__HAL_TIM_SET_COMPARE'
 1396 |   (((__CHANNEL__) == TIM_CHANNEL_1) ? ((__HANDLE__)->Instance->CCR1 = (__COMPARE__)) :\
      |                                                                        ^~~~~~~~~~~
../Core/Src/main.c: In function 'Trajectory_Generator':
../Core/Src/main.c:535:25: warning: implicit declaration of function 'sqrt' [-Wimplicit-function-declaration]
  535 |     sv = vmax*((M * 2 * sqrt(vmax/jmax)) + N*((vmax/amax)+(amax/jmax)));
      |                         ^~~~
../Core/Src/main.c:535:25: warning: incompatible implicit declaration of built-in function 'sqrt'
../Core/Src/main.c:21:1: note: include '<math.h>' or provide a declaration of 'sqrt'
   20 | #include "main.h"
  +++ |+#include <math.h>
   21 | 
../Core/Src/main.c:560:25: warning: implicit declaration of function 'pow' [-Wimplicit-function-declaration]
  560 |             tj = (float)pow((vmax/jmax),(0.5));
      |                         ^~~
../Core/Src/main.c:560:25: warning: incompatible implicit declaration of built-in function 'pow'
../Core/Src/main.c:560:25: note: include '<math.h>' or provide a declaration of 'pow'
../Core/Src/main.c: In function 'Trajectory_Evaluated':
../Core/Src/main.c:610:52: warning: incompatible implicit declaration of built-in function 'pow'
  610 |    setposition = (float)initial_p + 1/6.0 * jmax * pow(t,3.0) * dir;
      |                                                    ^~~
../Core/Src/main.c:610:52: note: include '<math.h>' or provide a declaration of 'pow'
../Core/Src/main.c:620:60: warning: incompatible implicit declaration of built-in function 'pow'
  620 |    setposition =  (float)p1 + v1 * (t - t1) + 1/2.0 * a1 * pow((t - t1),2.0);
      |                                                            ^~~
../Core/Src/main.c:620:60: note: include '<math.h>' or provide a declaration of 'pow'
../Core/Src/main.c:630:59: warning: incompatible implicit declaration of built-in function 'pow'
  630 |    setposition = (float)p2 + v2 * (t - t2) + 1/2.0 * a2 * pow((t - t2),2.0) + 1.0/6.0 * - jmax * dir * pow((t - t2),3.0);
      |                                                           ^~~
../Core/Src/main.c:630:59: note: include '<math.h>' or provide a declaration of 'pow'
../Core/Src/main.c:650:70: warning: incompatible implicit declaration of built-in function 'pow'
  650 |    setposition = (float)p4 + v4 * (t - t4) + 1.0/6.0 * dir *- jmax * pow((t - t4),3.0);
      |                                                                      ^~~
../Core/Src/main.c:650:70: note: include '<math.h>' or provide a declaration of 'pow'
../Core/Src/main.c:660:59: warning: incompatible implicit declaration of built-in function 'pow'
  660 |    setposition = (float)p5 + v5 * (t - t5) + 1/2.0 * a5 * pow((t - t5),2.0);
      |                                                           ^~~
../Core/Src/main.c:660:59: note: include '<math.h>' or provide a declaration of 'pow'
../Core/Src/main.c:670:61: warning: incompatible implicit declaration of built-in function 'pow'
  670 |    setposition = (float)p6 + v6 * (t - t6) + 1.0/2.0 * a6 * pow((t - t6),2) + 1/6.0 * jmax* dir * pow((t - t6),3);
      |                                                             ^~~
../Core/Src/main.c:670:61: note: include '<math.h>' or provide a declaration of 'pow'
../Core/Src/main.c:606:69: warning: unused variable 'a7' [-Wunused-variable]
  606 |  double p1,p2,p3,p4,p5,p6,p7,v1,v2,v3,v4,v5,v6,v7,a1,a2,a3,a4,a5,a6,a7;
      |                                                                     ^~
../Core/Src/main.c:606:48: warning: unused variable 'v7' [-Wunused-variable]
  606 |  double p1,p2,p3,p4,p5,p6,p7,v1,v2,v3,v4,v5,v6,v7,a1,a2,a3,a4,a5,a6,a7;
      |                                                ^~
../Core/Src/main.c:606:27: warning: unused variable 'p7' [-Wunused-variable]
  606 |  double p1,p2,p3,p4,p5,p6,p7,v1,v2,v3,v4,v5,v6,v7,a1,a2,a3,a4,a5,a6,a7;
      |                           ^~
../Core/Src/main.c:620:19: warning: 'p1' may be used uninitialized in this function [-Wmaybe-uninitialized]
  620 |    setposition =  (float)p1 + v1 * (t - t1) + 1/2.0 * a1 * pow((t - t1),2.0);
      |                   ^~~~~~~~~
../Core/Src/main.c:620:34: warning: 'v1' may be used uninitialized in this function [-Wmaybe-uninitialized]
  620 |    setposition =  (float)p1 + v1 * (t - t1) + 1/2.0 * a1 * pow((t - t1),2.0);
      |                               ~~~^~~~~~~~~~
../Core/Src/main.c:620:53: warning: 'a1' may be used uninitialized in this function [-Wmaybe-uninitialized]
  620 |    setposition =  (float)p1 + v1 * (t - t1) + 1/2.0 * a1 * pow((t - t1),2.0);
      |                                               ~~~~~~^~~~
../Core/Src/main.c:630:18: warning: 'p2' may be used uninitialized in this function [-Wmaybe-uninitialized]
  630 |    setposition = (float)p2 + v2 * (t - t2) + 1/2.0 * a2 * pow((t - t2),2.0) + 1.0/6.0 * - jmax * dir * pow((t - t2),3.0);
      |                  ^~~~~~~~~
../Core/Src/main.c:630:33: warning: 'v2' may be used uninitialized in this function [-Wmaybe-uninitialized]
  630 |    setposition = (float)p2 + v2 * (t - t2) + 1/2.0 * a2 * pow((t - t2),2.0) + 1.0/6.0 * - jmax * dir * pow((t - t2),3.0);
      |                              ~~~^~~~~~~~~~
../Core/Src/main.c:630:52: warning: 'a2' may be used uninitialized in this function [-Wmaybe-uninitialized]
  630 |    setposition = (float)p2 + v2 * (t - t2) + 1/2.0 * a2 * pow((t - t2),2.0) + 1.0/6.0 * - jmax * dir * pow((t - t2),3.0);
      |                                              ~~~~~~^~~~
../Core/Src/main.c:640:18: warning: 'p3' may be used uninitialized in this function [-Wmaybe-uninitialized]
  640 |    setposition = (float)p3 + v3 * (t - t3);
      |                  ^~~~~~~~~
../Core/Src/main.c:640:33: warning: 'v3' may be used uninitialized in this function [-Wmaybe-uninitialized]
  640 |    setposition = (float)p3 + v3 * (t - t3);
      |                              ~~~^~~~~~~~~~
../Core/Src/main.c:650:18: warning: 'p4' may be used uninitialized in this function [-Wmaybe-uninitialized]
  650 |    setposition = (float)p4 + v4 * (t - t4) + 1.0/6.0 * dir *- jmax * pow((t - t4),3.0);
      |                  ^~~~~~~~~
../Core/Src/main.c:650:33: warning: 'v4' may be used uninitialized in this function [-Wmaybe-uninitialized]
  650 |    setposition = (float)p4 + v4 * (t - t4) + 1.0/6.0 * dir *- jmax * pow((t - t4),3.0);
      |                              ~~~^~~~~~~~~~
../Core/Src/main.c:660:18: warning: 'p5' may be used uninitialized in this function [-Wmaybe-uninitialized]
  660 |    setposition = (float)p5 + v5 * (t - t5) + 1/2.0 * a5 * pow((t - t5),2.0);
      |                  ^~~~~~~~~
../Core/Src/main.c:660:33: warning: 'v5' may be used uninitialized in this function [-Wmaybe-uninitialized]
  660 |    setposition = (float)p5 + v5 * (t - t5) + 1/2.0 * a5 * pow((t - t5),2.0);
      |                              ~~~^~~~~~~~~~
../Core/Src/main.c:660:52: warning: 'a5' may be used uninitialized in this function [-Wmaybe-uninitialized]
  660 |    setposition = (float)p5 + v5 * (t - t5) + 1/2.0 * a5 * pow((t - t5),2.0);
      |                                              ~~~~~~^~~~
../Core/Src/main.c:670:18: warning: 'p6' may be used uninitialized in this function [-Wmaybe-uninitialized]
  670 |    setposition = (float)p6 + v6 * (t - t6) + 1.0/2.0 * a6 * pow((t - t6),2) + 1/6.0 * jmax* dir * pow((t - t6),3);
      |                  ^~~~~~~~~
../Core/Src/main.c:670:33: warning: 'v6' may be used uninitialized in this function [-Wmaybe-uninitialized]
  670 |    setposition = (float)p6 + v6 * (t - t6) + 1.0/2.0 * a6 * pow((t - t6),2) + 1/6.0 * jmax* dir * pow((t - t6),3);
      |                              ~~~^~~~~~~~~~
../Core/Src/main.c:670:54: warning: 'a6' may be used uninitialized in this function [-Wmaybe-uninitialized]
  670 |    setposition = (float)p6 + v6 * (t - t6) + 1.0/2.0 * a6 * pow((t - t6),2) + 1/6.0 * jmax* dir * pow((t - t6),3);
      |                                              ~~~~~~~~^~~~
arm-none-eabi-gcc -o "PositionControl.elf" @"objects.list"   -mcpu=cortex-m4 -T"C:\FRA222_MICROCONTROLLER\PositionControl\STM32F411RETX_FLASH.ld" --specs=nosys.specs -Wl,-Map="PositionControl.map" -Wl,--gc-sections -static --specs=nano.specs -mfpu=fpv4-sp-d16 -mfloat-abi=hard -mthumb -Wl,--start-group -lc -lm -Wl,--end-group
Finished building target: PositionControl.elf
 
arm-none-eabi-size   PositionControl.elf 
arm-none-eabi-objdump -h -S  PositionControl.elf  > "PositionControl.list"
   text	   data	    bss	    dec	    hex	filename
  26572	    128	   2024	  28724	   7034	PositionControl.elf
Finished building: default.size.stdout
 
Finished building: PositionControl.list
 

16:40:51 Build Finished. 0 errors, 30 warnings. (took 1s.41ms)

