17:31:06 **** Incremental Build of configuration Debug for project PositionControl ****
make -j16 all 
arm-none-eabi-gcc "../Core/Src/main.c" -mcpu=cortex-m4 -std=gnu11 -g3 -DDEBUG -DUSE_HAL_DRIVER -DSTM32F411xE -c -I../Core/Inc -I../Drivers/STM32F4xx_HAL_Driver/Inc -I../Drivers/STM32F4xx_HAL_Driver/Inc/Legacy -I../Drivers/CMSIS/Device/ST/STM32F4xx/Include -I../Drivers/CMSIS/Include -O0 -ffunction-sections -fdata-sections -Wall -fstack-usage -MMD -MP -MF"Core/Src/main.d" -MT"Core/Src/main.o" --specs=nano.specs -mfpu=fpv4-sp-d16 -mfloat-abi=hard -mthumb -o "Core/Src/main.o"
In file included from ../Core/Inc/stm32f4xx_hal_conf.h:402,
                 from ../Drivers/STM32F4xx_HAL_Driver/Inc/stm32f4xx_hal.h:29,
                 from ../Core/Inc/main.h:30,
                 from ../Core/Src/main.c:20:
../Core/Src/main.c: In function 'setMotor':
../Core/Src/main.c:446:46: warning: implicit declaration of function 'abs' [-Wimplicit-function-declaration]
  446 |   __HAL_TIM_SET_COMPARE(&htim1,TIM_CHANNEL_2,abs(PWM));
      |                                              ^~~
../Drivers/STM32F4xx_HAL_Driver/Inc/stm32f4xx_hal_tim.h:1396:72: note: in definition of macro '__HAL_TIM_SET_COMPARE'
 1396 |   (((__CHANNEL__) == TIM_CHANNEL_1) ? ((__HANDLE__)->Instance->CCR1 = (__COMPARE__)) :\
      |                                                                        ^~~~~~~~~~~
arm-none-eabi-gcc -o "PositionControl.elf" @"objects.list"   -mcpu=cortex-m4 -T"C:\FRA222_MICROCONTROLLER\PositionControl\STM32F411RETX_FLASH.ld" --specs=nosys.specs -Wl,-Map="PositionControl.map" -Wl,--gc-sections -static --specs=nano.specs -mfpu=fpv4-sp-d16 -mfloat-abi=hard -mthumb -Wl,--start-group -lc -lm -Wl,--end-group
Finished building target: PositionControl.elf
 
arm-none-eabi-size   PositionControl.elf 
arm-none-eabi-objdump -h -S  PositionControl.elf  > "PositionControl.list"
   text	   data	    bss	    dec	    hex	filename
  16656	     24	   1904	  18584	   4898	PositionControl.elf
Finished building: default.size.stdout
 
Finished building: PositionControl.list
 

17:31:07 Build Finished. 0 errors, 1 warnings. (took 938ms)

