12:23:30 **** Incremental Build of configuration Debug for project QEI ****
make -j16 all 
arm-none-eabi-gcc "../Core/Src/main.c" -mcpu=cortex-m4 -std=gnu11 -g3 -DDEBUG -DUSE_HAL_DRIVER -DSTM32F411xE -c -I../Core/Inc -I../Drivers/STM32F4xx_HAL_Driver/Inc -I../Drivers/STM32F4xx_HAL_Driver/Inc/Legacy -I../Drivers/CMSIS/Device/ST/STM32F4xx/Include -I../Drivers/CMSIS/Include -O0 -ffunction-sections -fdata-sections -Wall -fstack-usage -MMD -MP -MF"Core/Src/main.d" -MT"Core/Src/main.o" --specs=nano.specs -mfpu=fpv4-sp-d16 -mfloat-abi=hard -mthumb -o "Core/Src/main.o"
../Core/Src/main.c: In function 'main':
../Core/Src/main.c:130:5: warning: implicit declaration of function 'printf' [-Wimplicit-function-declaration]
  130 |     printf("Position = %ld\n", QEIReadRaw);
      |     ^~~~~~
../Core/Src/main.c:130:5: warning: incompatible implicit declaration of built-in function 'printf'
../Core/Src/main.c:21:1: note: include '<stdio.h>' or provide a declaration of 'printf'
   20 | #include "main.h"
  +++ |+#include <stdio.h>
   21 | 
arm-none-eabi-gcc -o "QEI.elf" @"objects.list"   -mcpu=cortex-m4 -T"C:\FRA222_MICROCONTROLLER\QEI\STM32F411RETX_FLASH.ld" --specs=nosys.specs -Wl,-Map="QEI.map" -Wl,--gc-sections -static --specs=nano.specs -mfpu=fpv4-sp-d16 -mfloat-abi=hard -mthumb -Wl,--start-group -lc -lm -Wl,--end-group
Finished building target: QEI.elf
 
arm-none-eabi-size   QEI.elf 
arm-none-eabi-objdump -h -S  QEI.elf  > "QEI.list"
   text	   data	    bss	    dec	    hex	filename
  18928	    120	   1856	  20904	   51a8	QEI.elf
Finished building: default.size.stdout
 
Finished building: QEI.list
 

12:23:31 Build Finished. 0 errors, 2 warnings. (took 994ms)

