01:00:50 **** Incremental Build of configuration Debug for project TIMER_SUMMARY ****
make -j16 all 
arm-none-eabi-gcc "../Core/Src/main.c" -mcpu=cortex-m4 -std=gnu11 -g3 -DDEBUG -DUSE_HAL_DRIVER -DSTM32F411xE -c -I../Core/Inc -I../Drivers/STM32F4xx_HAL_Driver/Inc -I../Drivers/STM32F4xx_HAL_Driver/Inc/Legacy -I../Drivers/CMSIS/Device/ST/STM32F4xx/Include -I../Drivers/CMSIS/Include -O0 -ffunction-sections -fdata-sections -Wall -fstack-usage -MMD -MP -MF"Core/Src/main.d" -MT"Core/Src/main.o" --specs=nano.specs -mfpu=fpv4-sp-d16 -mfloat-abi=hard -mthumb -o "Core/Src/main.o"
../Core/Src/main.c: In function 'main':
../Core/Src/main.c:141:6: warning: implicit declaration of function 'printf' [-Wimplicit-function-declaration]
  141 |      printf("Position = %ld\n", QEIReadRaw);
      |      ^~~~~~
../Core/Src/main.c:141:6: warning: incompatible implicit declaration of built-in function 'printf'
../Core/Src/main.c:21:1: note: include '<stdio.h>' or provide a declaration of 'printf'
   20 | #include "main.h"
  +++ |+#include <stdio.h>
   21 | 
../Core/Src/main.c:143:6: warning: implicit declaration of function 'QEIEncoderPositionVelocity_Update' [-Wimplicit-function-declaration]
  143 |      QEIEncoderPositionVelocity_Update();
      |      ^~~~~~~~~~~~~~~~~~~~~~~~~~~~~~~~~
../Core/Src/main.c: At top level:
../Core/Src/main.c:476:6: warning: conflicting types for 'QEIEncoderPositionVelocity_Update'
  476 | void QEIEncoderPositionVelocity_Update(){
      |      ^~~~~~~~~~~~~~~~~~~~~~~~~~~~~~~~~
../Core/Src/main.c:143:6: note: previous implicit declaration of 'QEIEncoderPositionVelocity_Update' was here
  143 |      QEIEncoderPositionVelocity_Update();
      |      ^~~~~~~~~~~~~~~~~~~~~~~~~~~~~~~~~
arm-none-eabi-gcc -o "TIMER_SUMMARY.elf" @"objects.list"   -mcpu=cortex-m4 -T"C:\FRA222_MICROCONTROLLER\TIMER_SUMMARY\STM32F411RETX_FLASH.ld" --specs=nosys.specs -Wl,-Map="TIMER_SUMMARY.map" -Wl,--gc-sections -static --specs=nano.specs -mfpu=fpv4-sp-d16 -mfloat-abi=hard -mthumb -Wl,--start-group -lc -lm -Wl,--end-group
Finished building target: TIMER_SUMMARY.elf
 
arm-none-eabi-size   TIMER_SUMMARY.elf 
arm-none-eabi-objdump -h -S  TIMER_SUMMARY.elf  > "TIMER_SUMMARY.list"
   text	   data	    bss	    dec	    hex	filename
  22928	    120	   2104	  25152	   6240	TIMER_SUMMARY.elf
Finished building: default.size.stdout
 
Finished building: TIMER_SUMMARY.list
 

01:00:51 Build Finished. 0 errors, 4 warnings. (took 1s.2ms)

