../Drivers/CMSIS/Include/core_cm4.h:2064:26:ITM_SendChar	16	static,ignoring_inline_asm
../Core/Src/main.c:91:5:main	24	static
../Core/Src/main.c:154:6:SystemClock_Config	88	static
../Core/Src/main.c:201:13:MX_TIM2_Init	48	static
../Core/Src/main.c:259:13:MX_TIM3_Init	56	static
../Core/Src/main.c:308:13:MX_TIM5_Init	32	static
../Core/Src/main.c:353:13:MX_USART2_UART_Init	8	static
../Core/Src/main.c:384:13:MX_DMA_Init	16	static
../Core/Src/main.c:402:13:MX_GPIO_Init	48	static
../Core/Src/main.c:431:7:IC_Calc_Period	32	static
../Core/Src/main.c:453:5:_write	32	static
../Core/Src/main.c:463:6:HAL_TIM_PeriodElapsedCallback	24	static
../Core/Src/main.c:471:10:micros	12	static
../Core/Src/main.c:476:6:QEIEncoderPositionVelocity_Update	32	static
../Core/Src/main.c:505:6:Error_Handler	4	static,ignoring_inline_asm
